Array
(
    [pagination] => Array
        (
            [last_visible_page] => 1224
            [has_next_page] => 1
            [current_page] => 1
            [items] => Array
                (
                    [count] => 25
                    [total] => 30576
                    [per_page] => 25
                )

        )

    [data] => Array
        (
            [0] => Array
                (
                    [mal_id] => 52991
                    [url] => https://myanimelist.net/anime/52991/Sousou_no_Frieren
                    [images] => Array
                        (
                            [jpg] => Array
                                (
                                    [image_url] => https://cdn.myanimelist.net/images/anime/1015/138006.jpg
                                    [small_image_url] => https://cdn.myanimelist.net/images/anime/1015/138006t.jpg
                                    [large_image_url] => https://cdn.myanimelist.net/images/anime/1015/138006l.jpg
                                )

                            [webp] => Array
                                (
                                    [image_url] => https://cdn.myanimelist.net/images/anime/1015/138006.webp
                                    [small_image_url] => https://cdn.myanimelist.net/images/anime/1015/138006t.webp
                                    [large_image_url] => https://cdn.myanimelist.net/images/anime/1015/138006l.webp
                                )

                        )

                    [trailer] => Array
                        (
                            [youtube_id] => 
                            [url] => 
                            [embed_url] => https://www.youtube-nocookie.com/embed/ZEkwCGJ3o7M?enablejsapi=1&wmode=opaque&autoplay=1
                            [images] => Array
                                (
                                    [image_url] => 
                                    [small_image_url] => 
                                    [medium_image_url] => 
                                    [large_image_url] => 
                                    [maximum_image_url] => 
                                )

                        )

                    [approved] => 1
                    [titles] => Array
                        (
                            [0] => Array
                                (
                                    [type] => Default
                                    [title] => Sousou no Frieren
                                )

                            [1] => Array
                                (
                                    [type] => Synonym
                                    [title] => Frieren at the Funeral
                                )

                            [2] => Array
                                (
                                    [type] => Synonym
                                    [title] => Frieren The Slayer
                                )

                            [3] => Array
                                (
                                    [type] => Japanese
                                    [title] => 葬送のフリーレン
                                )

                            [4] => Array
                                (
                                    [type] => English
                                    [title] => Frieren: Beyond Journey's End
                                )

                        )

                    [title] => Sousou no Frieren
                    [title_english] => Frieren: Beyond Journey's End
                    [title_japanese] => 葬送のフリーレン
                    [title_synonyms] => Array
                        (
                            [0] => Frieren at the Funeral
                            [1] => Frieren The Slayer
                        )

                    [type] => TV
                    [source] => Manga
                    [episodes] => 28
                    [status] => Finished Airing
                    [airing] => 
                    [aired] => Array
                        (
                            [from] => 2023-09-29T00:00:00+00:00
                            [to] => 2024-03-22T00:00:00+00:00
                            [prop] => Array
                                (
                                    [from] => Array
                                        (
                                            [day] => 29
                                            [month] => 9
                                            [year] => 2023
                                        )

                                    [to] => Array
                                        (
                                            [day] => 22
                                            [month] => 3
                                            [year] => 2024
                                        )

                                )

                            [string] => Sep 29, 2023 to Mar 22, 2024
                        )

                    [duration] => 24 min per ep
                    [rating] => PG-13 - Teens 13 or older
                    [score] => 9.26
                    [scored_by] => 896909
                    [rank] => 1
                    [popularity] => 104
                    [members] => 1455899
                    [favorites] => 90422
                    [synopsis] => During their decade-long quest to defeat the Demon King, the members of the hero's party—Himmel himself, the priest Heiter, the dwarf warrior Eisen, and the elven mage Frieren—forge bonds through adventures and battles, creating unforgettable precious memories for most of them.

However, the time that Frieren spends with her comrades is equivalent to merely a fraction of her life, which has lasted over a thousand years. When the party disbands after their victory, Frieren casually returns to her "usual" routine of collecting spells across the continent. Due to her different sense of time, she seemingly holds no strong feelings toward the experiences she went through.

As the years pass, Frieren gradually realizes how her days in the hero's party truly impacted her. Witnessing the deaths of two of her former companions, Frieren begins to regret having taken their presence for granted; she vows to better understand humans and create real personal connections. Although the story of that once memorable journey has long ended, a new tale is about to begin.

[Written by MAL Rewrite]
                    [background] => Sousou no Frieren was released on Blu-ray and DVD in seven volumes from January 24, 2024, to July 17, 2024. The series aired on Nippon TV's Friday Anime Night block.
                    [season] => fall
                    [year] => 2023
                    [broadcast] => Array
                        (
                            [day] => Fridays
                            [time] => 23:00
                            [timezone] => Asia/Tokyo
                            [string] => Fridays at 23:00 (JST)
                        )

                    [producers] => Array
                        (
                            [0] => Array
                                (
                                    [mal_id] => 17
                                    [type] => anime
                                    [name] => Aniplex
                                    [url] => https://myanimelist.net/anime/producer/17/Aniplex
                                )

                            [1] => Array
                                (
                                    [mal_id] => 53
                                    [type] => anime
                                    [name] => Dentsu
                                    [url] => https://myanimelist.net/anime/producer/53/Dentsu
                                )

                            [2] => Array
                                (
                                    [mal_id] => 62
                                    [type] => anime
                                    [name] => Shogakukan-Shueisha Productions
                                    [url] => https://myanimelist.net/anime/producer/62/Shogakukan-Shueisha_Productions
                                )

                            [3] => Array
                                (
                                    [mal_id] => 1003
                                    [type] => anime
                                    [name] => Nippon Television Network
                                    [url] => https://myanimelist.net/anime/producer/1003/Nippon_Television_Network
                                )

                            [4] => Array
                                (
                                    [mal_id] => 1143
                                    [type] => anime
                                    [name] => TOHO animation
                                    [url] => https://myanimelist.net/anime/producer/1143/TOHO_animation
                                )

                            [5] => Array
                                (
                                    [mal_id] => 1430
                                    [type] => anime
                                    [name] => Shogakukan
                                    [url] => https://myanimelist.net/anime/producer/1430/Shogakukan
                                )

                        )

                    [licensors] => Array
                        (
                            [0] => Array
                                (
                                    [mal_id] => 1468
                                    [type] => anime
                                    [name] => Crunchyroll
                                    [url] => https://myanimelist.net/anime/producer/1468/Crunchyroll
                                )

                        )

                    [studios] => Array
                        (
                            [0] => Array
                                (
                                    [mal_id] => 11
                                    [type] => anime
                                    [name] => Madhouse
                                    [url] => https://myanimelist.net/anime/producer/11/Madhouse
                                )

                        )

                    [genres] => Array
                        (
                            [0] => Array
                                (
                                    [mal_id] => 2
                                    [type] => anime
                                    [name] => Adventure
                                    [url] => https://myanimelist.net/anime/genre/2/Adventure
                                )

                            [1] => Array
                                (
                                    [mal_id] => 46
                                    [type] => anime
                                    [name] => Award Winning
                                    [url] => https://myanimelist.net/anime/genre/46/Award_Winning
                                )

                            [2] => Array
                                (
                                    [mal_id] => 8
                                    [type] => anime
                                    [name] => Drama
                                    [url] => https://myanimelist.net/anime/genre/8/Drama
                                )

                            [3] => Array
                                (
                                    [mal_id] => 10
                                    [type] => anime
                                    [name] => Fantasy
                                    [url] => https://myanimelist.net/anime/genre/10/Fantasy
                                )

                        )

                    [explicit_genres] => Array
                        (
                        )

                    [themes] => Array
                        (
                        )

                    [demographics] => Array
                        (
                            [0] => Array
                                (
                                    [mal_id] => 27
                                    [type] => anime
                                    [name] => Shounen
                                    [url] => https://myanimelist.net/anime/genre/27/Shounen
                                )

                        )

                )

            [1] => Array
                (
                    [mal_id] => 61469
                    [url] => https://myanimelist.net/anime/61469/Steel_Ball_Run__JoJo_no_Kimyou_na_Bouken
                    [images] => Array
                        (
                            [jpg] => Array
                                (
                                    [image_url] => https://cdn.myanimelist.net/images/anime/1448/154111.jpg
                                    [small_image_url] => https://cdn.myanimelist.net/images/anime/1448/154111t.jpg
                                    [large_image_url] => https://cdn.myanimelist.net/images/anime/1448/154111l.jpg
                                )

                            [webp] => Array
                                (
                                    [image_url] => https://cdn.myanimelist.net/images/anime/1448/154111.webp
                                    [small_image_url] => https://cdn.myanimelist.net/images/anime/1448/154111t.webp
                                    [large_image_url] => https://cdn.myanimelist.net/images/anime/1448/154111l.webp
                                )

                        )

                    [trailer] => Array
                        (
                            [youtube_id] => 
                            [url] => 
                            [embed_url] => https://www.youtube-nocookie.com/embed/TWw06YDOQy0?si=SxzUyy3Q-7R6PxzG?enablejsapi=1&wmode=opaque&autoplay=1
                            [images] => Array
                                (
                                    [image_url] => 
                                    [small_image_url] => 
                                    [medium_image_url] => 
                                    [large_image_url] => 
                                    [maximum_image_url] => 
                                )

                        )

                    [approved] => 1
                    [titles] => Array
                        (
                            [0] => Array
                                (
                                    [type] => Default
                                    [title] => Steel Ball Run: JoJo no Kimyou na Bouken
                                )

                            [1] => Array
                                (
                                    [type] => Synonym
                                    [title] => JoJo's Bizarre Adventure Part 7: Steel Ball Run
                                )

                            [2] => Array
                                (
                                    [type] => Synonym
                                    [title] => JoJo no Kimyou na Bouken Part 7: Steel Ball Run
                                )

                            [3] => Array
                                (
                                    [type] => Synonym
                                    [title] => SBR
                                )

                            [4] => Array
                                (
                                    [type] => Japanese
                                    [title] => スティール・ボール・ラン ジョジョの奇妙な冒険
                                )

                            [5] => Array
                                (
                                    [type] => English
                                    [title] => Steel Ball Run: JoJo's Bizarre Adventure
                                )

                        )

                    [title] => Steel Ball Run: JoJo no Kimyou na Bouken
                    [title_english] => Steel Ball Run: JoJo's Bizarre Adventure
                    [title_japanese] => スティール・ボール・ラン ジョジョの奇妙な冒険
                    [title_synonyms] => Array
                        (
                            [0] => JoJo's Bizarre Adventure Part 7: Steel Ball Run
                            [1] => JoJo no Kimyou na Bouken Part 7: Steel Ball Run
                            [2] => SBR
                        )

                    [type] => ONA
                    [source] => Manga
                    [episodes] => 
                    [status] => Currently Airing
                    [airing] => 1
                    [aired] => Array
                        (
                            [from] => 2026-03-19T00:00:00+00:00
                            [to] => 
                            [prop] => Array
                                (
                                    [from] => Array
                                        (
                                            [day] => 19
                                            [month] => 3
                                            [year] => 2026
                                        )

                                    [to] => Array
                                        (
                                            [day] => 
                                            [month] => 
                                            [year] => 
                                        )

                                )

                            [string] => Mar 19, 2026 to ?
                        )

                    [duration] => 47 min
                    [rating] => R - 17+ (violence & profanity)
                    [score] => 9.13
                    [scored_by] => 96120
                    [rank] => 2
                    [popularity] => 1328
                    [members] => 211955
                    [favorites] => 7216
                    [synopsis] => In the American Old West, the world's greatest race is about to begin. Thousands line up in San Diego to travel over six thousand kilometers for a chance to win the grand prize of fifty million dollars. With the era of the horse reaching its end, contestants are allowed to use any kind of vehicle they wish. Competitors will have to endure grueling conditions, traveling up to a hundred kilometers a day through uncharted wastelands. The Steel Ball Run is truly a one-of-a-kind event.

The youthful Johnny Joestar, a crippled former horse racer, has come to San Diego to watch the start of the race. There he encounters Gyro Zeppeli, a racer with two steel balls at his waist instead of a gun. Johnny witnesses Gyro using one of his steel balls to unleash a fantastical power, compelling a man to fire his gun at himself during a duel. In the midst of the action, Johnny happens to touch the steel ball and feels a power surging through his legs, allowing him to stand up for the first time in two years. Vowing to find the secret of the steel balls, Johnny decides to compete in the race, and so begins his bizarre adventure across America on the Steel Ball Run.

[Written by MAL Rewrite]
                    [background] => 
                    [season] => 
                    [year] => 
                    [broadcast] => Array
                        (
                            [day] => 
                            [time] => 
                            [timezone] => 
                            [string] => 
                        )

                    [producers] => Array
                        (
                            [0] => Array
                                (
                                    [mal_id] => 415
                                    [type] => anime
                                    [name] => Warner Bros. Japan
                                    [url] => https://myanimelist.net/anime/producer/415/Warner_Bros_Japan
                                )

                            [1] => Array
                                (
                                    [mal_id] => 719
                                    [type] => anime
                                    [name] => Studio Mausu
                                    [url] => https://myanimelist.net/anime/producer/719/Studio_Mausu
                                )

                            [2] => Array
                                (
                                    [mal_id] => 1783
                                    [type] => anime
                                    [name] => ONEMUSIC
                                    [url] => https://myanimelist.net/anime/producer/1783/ONEMUSIC
                                )

                        )

                    [licensors] => Array
                        (
                        )

                    [studios] => Array
                        (
                            [0] => Array
                                (
                                    [mal_id] => 287
                                    [type] => anime
                                    [name] => David Production
                                    [url] => https://myanimelist.net/anime/producer/287/David_Production
                                )

                        )

                    [genres] => Array
                        (
                            [0] => Array
                                (
                                    [mal_id] => 1
                                    [type] => anime
                                    [name] => Action
                                    [url] => https://myanimelist.net/anime/genre/1/Action
                                )

                            [1] => Array
                                (
                                    [mal_id] => 2
                                    [type] => anime
                                    [name] => Adventure
                                    [url] => https://myanimelist.net/anime/genre/2/Adventure
                                )

                            [2] => Array
                                (
                                    [mal_id] => 7
                                    [type] => anime
                                    [name] => Mystery
                                    [url] => https://myanimelist.net/anime/genre/7/Mystery
                                )

                            [3] => Array
                                (
                                    [mal_id] => 37
                                    [type] => anime
                                    [name] => Supernatural
                                    [url] => https://myanimelist.net/anime/genre/37/Supernatural
                                )

                        )

                    [explicit_genres] => Array
                        (
                        )

                    [themes] => Array
                        (
                            [0] => Array
                                (
                                    [mal_id] => 13
                                    [type] => anime
                                    [name] => Historical
                                    [url] => https://myanimelist.net/anime/genre/13/Historical
                                )

                            [1] => Array
                                (
                                    [mal_id] => 3
                                    [type] => anime
                                    [name] => Racing
                                    [url] => https://myanimelist.net/anime/genre/3/Racing
                                )

                        )

                    [demographics] => Array
                        (
                            [0] => Array
                                (
                                    [mal_id] => 42
                                    [type] => anime
                                    [name] => Seinen
                                    [url] => https://myanimelist.net/anime/genre/42/Seinen
                                )

                            [1] => Array
                                (
                                    [mal_id] => 27
                                    [type] => anime
                                    [name] => Shounen
                                    [url] => https://myanimelist.net/anime/genre/27/Shounen
                                )

                        )

                )

            [2] => Array
                (
                    [mal_id] => 5114
                    [url] => https://myanimelist.net/anime/5114/Fullmetal_Alchemist__Brotherhood
                    [images] => Array
                        (
                            [jpg] => Array
                                (
                                    [image_url] => https://cdn.myanimelist.net/images/anime/1208/94745.jpg
                                    [small_image_url] => https://cdn.myanimelist.net/images/anime/1208/94745t.jpg
                                    [large_image_url] => https://cdn.myanimelist.net/images/anime/1208/94745l.jpg
                                )

                            [webp] => Array
                                (
                                    [image_url] => https://cdn.myanimelist.net/images/anime/1208/94745.webp
                                    [small_image_url] => https://cdn.myanimelist.net/images/anime/1208/94745t.webp
                                    [large_image_url] => https://cdn.myanimelist.net/images/anime/1208/94745l.webp
                                )

                        )

                    [trailer] => Array
                        (
                            [youtube_id] => 
                            [url] => 
                            [embed_url] => https://www.youtube-nocookie.com/embed/1ac3_YdSSy0?enablejsapi=1&wmode=opaque&autoplay=1
                            [images] => Array
                                (
                                    [image_url] => 
                                    [small_image_url] => 
                                    [medium_image_url] => 
                                    [large_image_url] => 
                                    [maximum_image_url] => 
                                )

                        )

                    [approved] => 1
                    [titles] => Array
                        (
                            [0] => Array
                                (
                                    [type] => Default
                                    [title] => Fullmetal Alchemist: Brotherhood
                                )

                            [1] => Array
                                (
                                    [type] => Synonym
                                    [title] => Hagane no Renkinjutsushi: Fullmetal Alchemist
                                )

                            [2] => Array
                                (
                                    [type] => Synonym
                                    [title] => Fullmetal Alchemist (2009)
                                )

                            [3] => Array
                                (
                                    [type] => Synonym
                                    [title] => FMA
                                )

                            [4] => Array
                                (
                                    [type] => Synonym
                                    [title] => FMAB
                                )

                            [5] => Array
                                (
                                    [type] => Japanese
                                    [title] => 鋼の錬金術師 FULLMETAL ALCHEMIST
                                )

                            [6] => Array
                                (
                                    [type] => English
                                    [title] => Fullmetal Alchemist: Brotherhood
                                )

                            [7] => Array
                                (
                                    [type] => French
                                    [title] => Fullmetal Alchemist Brotherhood
                                )

                        )

                    [title] => Fullmetal Alchemist: Brotherhood
                    [title_english] => Fullmetal Alchemist: Brotherhood
                    [title_japanese] => 鋼の錬金術師 FULLMETAL ALCHEMIST
                    [title_synonyms] => Array
                        (
                            [0] => Hagane no Renkinjutsushi: Fullmetal Alchemist
                            [1] => Fullmetal Alchemist (2009)
                            [2] => FMA
                            [3] => FMAB
                        )

                    [type] => TV
                    [source] => Manga
                    [episodes] => 64
                    [status] => Finished Airing
                    [airing] => 
                    [aired] => Array
                        (
                            [from] => 2009-04-05T00:00:00+00:00
                            [to] => 2010-07-04T00:00:00+00:00
                            [prop] => Array
                                (
                                    [from] => Array
                                        (
                                            [day] => 5
                                            [month] => 4
                                            [year] => 2009
                                        )

                                    [to] => Array
                                        (
                                            [day] => 4
                                            [month] => 7
                                            [year] => 2010
                                        )

                                )

                            [string] => Apr 5, 2009 to Jul 4, 2010
                        )

                    [duration] => 24 min per ep
                    [rating] => R - 17+ (violence & profanity)
                    [score] => 9.11
                    [scored_by] => 2318579
                    [rank] => 3
                    [popularity] => 3
                    [members] => 3695771
                    [favorites] => 243349
                    [synopsis] => After a horrific alchemy experiment goes wrong in the Elric household, brothers Edward and Alphonse are left in a catastrophic new reality. Ignoring the alchemical principle banning human transmutation, the boys attempted to bring their recently deceased mother back to life. Instead, they suffered brutal personal loss: Alphonse's body disintegrated while Edward lost a leg and then sacrificed an arm to keep Alphonse's soul in the physical realm by binding it to a hulking suit of armor.

The brothers are rescued by their neighbor Pinako Rockbell and her granddaughter Winry. Known as a bio-mechanical engineering prodigy, Winry creates prosthetic limbs for Edward by utilizing "automail," a tough, versatile metal used in robots and combat armor. After years of training, the Elric brothers set off on a quest to restore their bodies by locating the Philosopher's Stone—a powerful gem that allows an alchemist to defy the traditional laws of Equivalent Exchange.

As Edward becomes an infamous alchemist and gains the nickname "Fullmetal," the boys' journey embroils them in a growing conspiracy that threatens the fate of the world.

[Written by MAL Rewrite]
                    [background] => 
                    [season] => spring
                    [year] => 2009
                    [broadcast] => Array
                        (
                            [day] => Sundays
                            [time] => 17:00
                            [timezone] => Asia/Tokyo
                            [string] => Sundays at 17:00 (JST)
                        )

                    [producers] => Array
                        (
                            [0] => Array
                                (
                                    [mal_id] => 17
                                    [type] => anime
                                    [name] => Aniplex
                                    [url] => https://myanimelist.net/anime/producer/17/Aniplex
                                )

                            [1] => Array
                                (
                                    [mal_id] => 58
                                    [type] => anime
                                    [name] => Square Enix
                                    [url] => https://myanimelist.net/anime/producer/58/Square_Enix
                                )

                            [2] => Array
                                (
                                    [mal_id] => 143
                                    [type] => anime
                                    [name] => Mainichi Broadcasting System
                                    [url] => https://myanimelist.net/anime/producer/143/Mainichi_Broadcasting_System
                                )

                            [3] => Array
                                (
                                    [mal_id] => 1499
                                    [type] => anime
                                    [name] => Techno Sound
                                    [url] => https://myanimelist.net/anime/producer/1499/Techno_Sound
                                )

                        )

                    [licensors] => Array
                        (
                            [0] => Array
                                (
                                    [mal_id] => 102
                                    [type] => anime
                                    [name] => Funimation
                                    [url] => https://myanimelist.net/anime/producer/102/Funimation
                                )

                            [1] => Array
                                (
                                    [mal_id] => 493
                                    [type] => anime
                                    [name] => Aniplex of America
                                    [url] => https://myanimelist.net/anime/producer/493/Aniplex_of_America
                                )

                        )

                    [studios] => Array
                        (
                            [0] => Array
                                (
                                    [mal_id] => 4
                                    [type] => anime
                                    [name] => Bones
                                    [url] => https://myanimelist.net/anime/producer/4/Bones
                                )

                        )

                    [genres] => Array
                        (
                            [0] => Array
                                (
                                    [mal_id] => 1
                                    [type] => anime
                                    [name] => Action
                                    [url] => https://myanimelist.net/anime/genre/1/Action
                                )

                            [1] => Array
                                (
                                    [mal_id] => 2
                                    [type] => anime
                                    [name] => Adventure
                                    [url] => https://myanimelist.net/anime/genre/2/Adventure
                                )

                            [2] => Array
                                (
                                    [mal_id] => 8
                                    [type] => anime
                                    [name] => Drama
                                    [url] => https://myanimelist.net/anime/genre/8/Drama
                                )

                            [3] => Array
                                (
                                    [mal_id] => 10
                                    [type] => anime
                                    [name] => Fantasy
                                    [url] => https://myanimelist.net/anime/genre/10/Fantasy
                                )

                        )

                    [explicit_genres] => Array
                        (
                        )

                    [themes] => Array
                        (
                            [0] => Array
                                (
                                    [mal_id] => 38
                                    [type] => anime
                                    [name] => Military
                                    [url] => https://myanimelist.net/anime/genre/38/Military
                                )

                        )

                    [demographics] => Array
                        (
                            [0] => Array
                                (
                                    [mal_id] => 27
                                    [type] => anime
                                    [name] => Shounen
                                    [url] => https://myanimelist.net/anime/genre/27/Shounen
                                )

                        )

                )

            [3] => Array
                (
                    [mal_id] => 57555
                    [url] => https://myanimelist.net/anime/57555/Chainsaw_Man_Movie__Reze-hen
                    [images] => Array
                        (
                            [jpg] => Array
                                (
                                    [image_url] => https://cdn.myanimelist.net/images/anime/1763/150638.jpg
                                    [small_image_url] => https://cdn.myanimelist.net/images/anime/1763/150638t.jpg
                                    [large_image_url] => https://cdn.myanimelist.net/images/anime/1763/150638l.jpg
                                )

                            [webp] => Array
                                (
                                    [image_url] => https://cdn.myanimelist.net/images/anime/1763/150638.webp
                                    [small_image_url] => https://cdn.myanimelist.net/images/anime/1763/150638t.webp
                                    [large_image_url] => https://cdn.myanimelist.net/images/anime/1763/150638l.webp
                                )

                        )

                    [trailer] => Array
                        (
                            [youtube_id] => 
                            [url] => 
                            [embed_url] => https://www.youtube-nocookie.com/embed/pv8A7eubPQQ?enablejsapi=1&wmode=opaque&autoplay=1
                            [images] => Array
                                (
                                    [image_url] => 
                                    [small_image_url] => 
                                    [medium_image_url] => 
                                    [large_image_url] => 
                                    [maximum_image_url] => 
                                )

                        )

                    [approved] => 1
                    [titles] => Array
                        (
                            [0] => Array
                                (
                                    [type] => Default
                                    [title] => Chainsaw Man Movie: Reze-hen
                                )

                            [1] => Array
                                (
                                    [type] => Synonym
                                    [title] => Gekijouban Chainsaw Man: Reze-hen
                                )

                            [2] => Array
                                (
                                    [type] => Japanese
                                    [title] => 劇場版 チェンソーマン レゼ篇
                                )

                            [3] => Array
                                (
                                    [type] => English
                                    [title] => Chainsaw Man – The Movie: Reze Arc
                                )

                        )

                    [title] => Chainsaw Man Movie: Reze-hen
                    [title_english] => Chainsaw Man – The Movie: Reze Arc
                    [title_japanese] => 劇場版 チェンソーマン レゼ篇
                    [title_synonyms] => Array
                        (
                            [0] => Gekijouban Chainsaw Man: Reze-hen
                        )

                    [type] => Movie
                    [source] => Manga
                    [episodes] => 1
                    [status] => Finished Airing
                    [airing] => 
                    [aired] => Array
                        (
                            [from] => 2025-09-19T00:00:00+00:00
                            [to] => 
                            [prop] => Array
                                (
                                    [from] => Array
                                        (
                                            [day] => 19
                                            [month] => 9
                                            [year] => 2025
                                        )

                                    [to] => Array
                                        (
                                            [day] => 
                                            [month] => 
                                            [year] => 
                                        )

                                )

                            [string] => Sep 19, 2025
                        )

                    [duration] => 1 hr 39 min
                    [rating] => R - 17+ (violence & profanity)
                    [score] => 9.07
                    [scored_by] => 317274
                    [rank] => 4
                    [popularity] => 531
                    [members] => 494660
                    [favorites] => 14092
                    [synopsis] => Despite the immediate challenges following becoming a devil hunter with the Public Safety Bureau, Denji has quickly adapted to his new life and responsibilities. As the chaos of Denji's first ordeal with Public Safety settles down, the elite devil hunter Makima decides to take Denji out on a date. Although the date strengthens his affection for Makima and he swears to not fall in love with anyone else, Denji soon finds himself in a tricky situation when he meets a seemingly innocent cafe worker named Reze.

With her forward and flirty demeanor, Reze immediately captures Denji's heart, driving him to frequent the cafe where she works and deepen his relationship with her. However, Denji is completely oblivious to the fact that meeting Reze might have grave consequences beyond simply deciding which woman his heart belongs to. 

[Written by MAL Rewrite]
                    [background] => 
                    [season] => 
                    [year] => 
                    [broadcast] => Array
                        (
                            [day] => 
                            [time] => 
                            [timezone] => 
                            [string] => 
                        )

                    [producers] => Array
                        (
                        )

                    [licensors] => Array
                        (
                        )

                    [studios] => Array
                        (
                            [0] => Array
                                (
                                    [mal_id] => 569
                                    [type] => anime
                                    [name] => MAPPA
                                    [url] => https://myanimelist.net/anime/producer/569/MAPPA
                                )

                        )

                    [genres] => Array
                        (
                            [0] => Array
                                (
                                    [mal_id] => 1
                                    [type] => anime
                                    [name] => Action
                                    [url] => https://myanimelist.net/anime/genre/1/Action
                                )

                            [1] => Array
                                (
                                    [mal_id] => 10
                                    [type] => anime
                                    [name] => Fantasy
                                    [url] => https://myanimelist.net/anime/genre/10/Fantasy
                                )

                        )

                    [explicit_genres] => Array
                        (
                        )

                    [themes] => Array
                        (
                            [0] => Array
                                (
                                    [mal_id] => 58
                                    [type] => anime
                                    [name] => Gore
                                    [url] => https://myanimelist.net/anime/genre/58/Gore
                                )

                            [1] => Array
                                (
                                    [mal_id] => 82
                                    [type] => anime
                                    [name] => Urban Fantasy
                                    [url] => https://myanimelist.net/anime/genre/82/Urban_Fantasy
                                )

                        )

                    [demographics] => Array
                        (
                            [0] => Array
                                (
                                    [mal_id] => 27
                                    [type] => anime
                                    [name] => Shounen
                                    [url] => https://myanimelist.net/anime/genre/27/Shounen
                                )

                        )

                )

            [4] => Array
                (
                    [mal_id] => 9253
                    [url] => https://myanimelist.net/anime/9253/Steins_Gate
                    [images] => Array
                        (
                            [jpg] => Array
                                (
                                    [image_url] => https://cdn.myanimelist.net/images/anime/1935/127974.jpg
                                    [small_image_url] => https://cdn.myanimelist.net/images/anime/1935/127974t.jpg
                                    [large_image_url] => https://cdn.myanimelist.net/images/anime/1935/127974l.jpg
                                )

                            [webp] => Array
                                (
                                    [image_url] => https://cdn.myanimelist.net/images/anime/1935/127974.webp
                                    [small_image_url] => https://cdn.myanimelist.net/images/anime/1935/127974t.webp
                                    [large_image_url] => https://cdn.myanimelist.net/images/anime/1935/127974l.webp
                                )

                        )

                    [trailer] => Array
                        (
                            [youtube_id] => 
                            [url] => 
                            [embed_url] => https://www.youtube-nocookie.com/embed/27OZc-ku6is?enablejsapi=1&wmode=opaque&autoplay=1
                            [images] => Array
                                (
                                    [image_url] => 
                                    [small_image_url] => 
                                    [medium_image_url] => 
                                    [large_image_url] => 
                                    [maximum_image_url] => 
                                )

                        )

                    [approved] => 1
                    [titles] => Array
                        (
                            [0] => Array
                                (
                                    [type] => Default
                                    [title] => Steins;Gate
                                )

                            [1] => Array
                                (
                                    [type] => Japanese
                                    [title] => STEINS;GATE
                                )

                            [2] => Array
                                (
                                    [type] => English
                                    [title] => Steins;Gate
                                )

                        )

                    [title] => Steins;Gate
                    [title_english] => Steins;Gate
                    [title_japanese] => STEINS;GATE
                    [title_synonyms] => Array
                        (
                        )

                    [type] => TV
                    [source] => Visual novel
                    [episodes] => 24
                    [status] => Finished Airing
                    [airing] => 
                    [aired] => Array
                        (
                            [from] => 2011-04-06T00:00:00+00:00
                            [to] => 2011-09-14T00:00:00+00:00
                            [prop] => Array
                                (
                                    [from] => Array
                                        (
                                            [day] => 6
                                            [month] => 4
                                            [year] => 2011
                                        )

                                    [to] => Array
                                        (
                                            [day] => 14
                                            [month] => 9
                                            [year] => 2011
                                        )

                                )

                            [string] => Apr 6, 2011 to Sep 14, 2011
                        )

                    [duration] => 24 min per ep
                    [rating] => PG-13 - Teens 13 or older
                    [score] => 9.07
                    [scored_by] => 1525136
                    [rank] => 5
                    [popularity] => 14
                    [members] => 2822217
                    [favorites] => 203025
                    [synopsis] => Eccentric scientist Rintarou Okabe has a never-ending thirst for scientific exploration. Together with his ditzy but well-meaning friend Mayuri Shiina and his roommate Itaru Hashida, Okabe founds the Future Gadget Laboratory in the hopes of creating technological innovations that baffle the human psyche. Despite claims of grandeur, the only notable "gadget" the trio have created is a microwave that has the mystifying power to turn bananas into green goo.

However, when Okabe attends a conference on time travel, he experiences a series of strange events that lead him to believe that there is more to the "Phone Microwave" gadget than meets the eye. Apparently able to send text messages into the past using the microwave, Okabe dabbles further with the "time machine," attracting the ire and attention of the mysterious organization SERN.

Due to the novel discovery, Okabe and his friends find themselves in an ever-present danger. As he works to mitigate the damage his invention has caused to the timeline, Okabe fights a battle to not only save his loved ones but also to preserve his degrading sanity.

[Written by MAL Rewrite]
                    [background] => Steins;Gate is based on 5pb. and Nitroplus' visual novel of the same title released in 2009. It serves as the second entry in the Science Adventure series.
                    [season] => spring
                    [year] => 2011
                    [broadcast] => Array
                        (
                            [day] => Wednesdays
                            [time] => 02:05
                            [timezone] => Asia/Tokyo
                            [string] => Wednesdays at 02:05 (JST)
                        )

                    [producers] => Array
                        (
                            [0] => Array
                                (
                                    [mal_id] => 61
                                    [type] => anime
                                    [name] => Frontier Works
                                    [url] => https://myanimelist.net/anime/producer/61/Frontier_Works
                                )

                            [1] => Array
                                (
                                    [mal_id] => 108
                                    [type] => anime
                                    [name] => Media Factory
                                    [url] => https://myanimelist.net/anime/producer/108/Media_Factory
                                )

                            [2] => Array
                                (
                                    [mal_id] => 113
                                    [type] => anime
                                    [name] => Kadokawa Shoten
                                    [url] => https://myanimelist.net/anime/producer/113/Kadokawa_Shoten
                                )

                            [3] => Array
                                (
                                    [mal_id] => 166
                                    [type] => anime
                                    [name] => Movic
                                    [url] => https://myanimelist.net/anime/producer/166/Movic
                                )

                            [4] => Array
                                (
                                    [mal_id] => 238
                                    [type] => anime
                                    [name] => AT-X
                                    [url] => https://myanimelist.net/anime/producer/238/AT-X
                                )

                            [5] => Array
                                (
                                    [mal_id] => 352
                                    [type] => anime
                                    [name] => Kadokawa Pictures Japan
                                    [url] => https://myanimelist.net/anime/producer/352/Kadokawa_Pictures_Japan
                                )

                            [6] => Array
                                (
                                    [mal_id] => 459
                                    [type] => anime
                                    [name] => Nitroplus
                                    [url] => https://myanimelist.net/anime/producer/459/Nitroplus
                                )

                            [7] => Array
                                (
                                    [mal_id] => 963
                                    [type] => anime
                                    [name] => MAGES.
                                    [url] => https://myanimelist.net/anime/producer/963/MAGES
                                )

                        )

                    [licensors] => Array
                        (
                            [0] => Array
                                (
                                    [mal_id] => 102
                                    [type] => anime
                                    [name] => Funimation
                                    [url] => https://myanimelist.net/anime/producer/102/Funimation
                                )

                        )

                    [studios] => Array
                        (
                            [0] => Array
                                (
                                    [mal_id] => 314
                                    [type] => anime
                                    [name] => White Fox
                                    [url] => https://myanimelist.net/anime/producer/314/White_Fox
                                )

                        )

                    [genres] => Array
                        (
                            [0] => Array
                                (
                                    [mal_id] => 8
                                    [type] => anime
                                    [name] => Drama
                                    [url] => https://myanimelist.net/anime/genre/8/Drama
                                )

                            [1] => Array
                                (
                                    [mal_id] => 24
                                    [type] => anime
                                    [name] => Sci-Fi
                                    [url] => https://myanimelist.net/anime/genre/24/Sci-Fi
                                )

                            [2] => Array
                                (
                                    [mal_id] => 41
                                    [type] => anime
                                    [name] => Suspense
                                    [url] => https://myanimelist.net/anime/genre/41/Suspense
                                )

                        )

                    [explicit_genres] => Array
                        (
                        )

                    [themes] => Array
                        (
                            [0] => Array
                                (
                                    [mal_id] => 40
                                    [type] => anime
                                    [name] => Psychological
                                    [url] => https://myanimelist.net/anime/genre/40/Psychological
                                )

                            [1] => Array
                                (
                                    [mal_id] => 78
                                    [type] => anime
                                    [name] => Time Travel
                                    [url] => https://myanimelist.net/anime/genre/78/Time_Travel
                                )

                        )

                    [demographics] => Array
                        (
                        )

                )

            [5] => Array
                (
                    [mal_id] => 38524
                    [url] => https://myanimelist.net/anime/38524/Shingeki_no_Kyojin_Season_3_Part_2
                    [images] => Array
                        (
                            [jpg] => Array
                                (
                                    [image_url] => https://cdn.myanimelist.net/images/anime/1517/100633.jpg
                                    [small_image_url] => https://cdn.myanimelist.net/images/anime/1517/100633t.jpg
                                    [large_image_url] => https://cdn.myanimelist.net/images/anime/1517/100633l.jpg
                                )

                            [webp] => Array
                                (
                                    [image_url] => https://cdn.myanimelist.net/images/anime/1517/100633.webp
                                    [small_image_url] => https://cdn.myanimelist.net/images/anime/1517/100633t.webp
                                    [large_image_url] => https://cdn.myanimelist.net/images/anime/1517/100633l.webp
                                )

                        )

                    [trailer] => Array
                        (
                            [youtube_id] => 
                            [url] => 
                            [embed_url] => https://www.youtube-nocookie.com/embed/hKHepjfj5Tw?enablejsapi=1&wmode=opaque&autoplay=1
                            [images] => Array
                                (
                                    [image_url] => 
                                    [small_image_url] => 
                                    [medium_image_url] => 
                                    [large_image_url] => 
                                    [maximum_image_url] => 
                                )

                        )

                    [approved] => 1
                    [titles] => Array
                        (
                            [0] => Array
                                (
                                    [type] => Default
                                    [title] => Shingeki no Kyojin Season 3 Part 2
                                )

                            [1] => Array
                                (
                                    [type] => Japanese
                                    [title] => 進撃の巨人 Season3 Part.2
                                )

                            [2] => Array
                                (
                                    [type] => English
                                    [title] => Attack on Titan Season 3 Part 2
                                )

                            [3] => Array
                                (
                                    [type] => German
                                    [title] => Attack on Titan Staffel 3 Teil 2
                                )

                            [4] => Array
                                (
                                    [type] => Spanish
                                    [title] => Ataque a los Titanes Temporada 3 Parte 2
                                )

                            [5] => Array
                                (
                                    [type] => French
                                    [title] => L'Attaque des Titans Saison 3 Partie 2
                                )

                        )

                    [title] => Shingeki no Kyojin Season 3 Part 2
                    [title_english] => Attack on Titan Season 3 Part 2
                    [title_japanese] => 進撃の巨人 Season3 Part.2
                    [title_synonyms] => Array
                        (
                        )

                    [type] => TV
                    [source] => Manga
                    [episodes] => 10
                    [status] => Finished Airing
                    [airing] => 
                    [aired] => Array
                        (
                            [from] => 2019-04-29T00:00:00+00:00
                            [to] => 2019-07-01T00:00:00+00:00
                            [prop] => Array
                                (
                                    [from] => Array
                                        (
                                            [day] => 29
                                            [month] => 4
                                            [year] => 2019
                                        )

                                    [to] => Array
                                        (
                                            [day] => 1
                                            [month] => 7
                                            [year] => 2019
                                        )

                                )

                            [string] => Apr 29, 2019 to Jul 1, 2019
                        )

                    [duration] => 23 min per ep
                    [rating] => R - 17+ (violence & profanity)
                    [score] => 9.05
                    [scored_by] => 1801220
                    [rank] => 8
                    [popularity] => 20
                    [members] => 2604322
                    [favorites] => 63428
                    [synopsis] => Seeking to restore humanity's diminishing hope, the Survey Corps embark on a mission to retake Wall Maria, where the battle against the merciless "Titans" takes the stage once again.

Returning to the tattered Shiganshina District that was once his home, Eren Yeager and the Corps find the town oddly unoccupied by Titans. Even after the outer gate is plugged, they strangely encounter no opposition. The mission progresses smoothly until Armin Arlert, highly suspicious of the enemy's absence, discovers distressing signs of a potential scheme against them. 

Shingeki no Kyojin Season 3 Part 2 follows Eren as he vows to take back everything that was once his. Alongside him, the Survey Corps strive—through countless sacrifices—to carve a path towards victory and uncover the secrets locked away in the Yeager family's basement.

[Written by MAL Rewrite]
                    [background] => Shingeki no Kyojin Season 3 Part 2 adapts content from volumes 18-22 of Hajime Isayama's award-winning manga of the same name.
                    [season] => spring
                    [year] => 2019
                    [broadcast] => Array
                        (
                            [day] => Mondays
                            [time] => 00:10
                            [timezone] => Asia/Tokyo
                            [string] => Mondays at 00:10 (JST)
                        )

                    [producers] => Array
                        (
                            [0] => Array
                                (
                                    [mal_id] => 10
                                    [type] => anime
                                    [name] => Production I.G
                                    [url] => https://myanimelist.net/anime/producer/10/Production_IG
                                )

                            [1] => Array
                                (
                                    [mal_id] => 53
                                    [type] => anime
                                    [name] => Dentsu
                                    [url] => https://myanimelist.net/anime/producer/53/Dentsu
                                )

                            [2] => Array
                                (
                                    [mal_id] => 143
                                    [type] => anime
                                    [name] => Mainichi Broadcasting System
                                    [url] => https://myanimelist.net/anime/producer/143/Mainichi_Broadcasting_System
                                )

                            [3] => Array
                                (
                                    [mal_id] => 144
                                    [type] => anime
                                    [name] => Pony Canyon
                                    [url] => https://myanimelist.net/anime/producer/144/Pony_Canyon
                                )

                            [4] => Array
                                (
                                    [mal_id] => 159
                                    [type] => anime
                                    [name] => Kodansha
                                    [url] => https://myanimelist.net/anime/producer/159/Kodansha
                                )

                            [5] => Array
                                (
                                    [mal_id] => 1499
                                    [type] => anime
                                    [name] => Techno Sound
                                    [url] => https://myanimelist.net/anime/producer/1499/Techno_Sound
                                )

                            [6] => Array
                                (
                                    [mal_id] => 1557
                                    [type] => anime
                                    [name] => Pony Canyon Enterprises
                                    [url] => https://myanimelist.net/anime/producer/1557/Pony_Canyon_Enterprises
                                )

                        )

                    [licensors] => Array
                        (
                            [0] => Array
                                (
                                    [mal_id] => 102
                                    [type] => anime
                                    [name] => Funimation
                                    [url] => https://myanimelist.net/anime/producer/102/Funimation
                                )

                        )

                    [studios] => Array
                        (
                            [0] => Array
                                (
                                    [mal_id] => 858
                                    [type] => anime
                                    [name] => Wit Studio
                                    [url] => https://myanimelist.net/anime/producer/858/Wit_Studio
                                )

                        )

                    [genres] => Array
                        (
                            [0] => Array
                                (
                                    [mal_id] => 1
                                    [type] => anime
                                    [name] => Action
                                    [url] => https://myanimelist.net/anime/genre/1/Action
                                )

                            [1] => Array
                                (
                                    [mal_id] => 8
                                    [type] => anime
                                    [name] => Drama
                                    [url] => https://myanimelist.net/anime/genre/8/Drama
                                )

                            [2] => Array
                                (
                                    [mal_id] => 41
                                    [type] => anime
                                    [name] => Suspense
                                    [url] => https://myanimelist.net/anime/genre/41/Suspense
                                )

                        )

                    [explicit_genres] => Array
                        (
                        )

                    [themes] => Array
                        (
                            [0] => Array
                                (
                                    [mal_id] => 58
                                    [type] => anime
                                    [name] => Gore
                                    [url] => https://myanimelist.net/anime/genre/58/Gore
                                )

                            [1] => Array
                                (
                                    [mal_id] => 38
                                    [type] => anime
                                    [name] => Military
                                    [url] => https://myanimelist.net/anime/genre/38/Military
                                )

                            [2] => Array
                                (
                                    [mal_id] => 76
                                    [type] => anime
                                    [name] => Survival
                                    [url] => https://myanimelist.net/anime/genre/76/Survival
                                )

                        )

                    [demographics] => Array
                        (
                            [0] => Array
                                (
                                    [mal_id] => 27
                                    [type] => anime
                                    [name] => Shounen
                                    [url] => https://myanimelist.net/anime/genre/27/Shounen
                                )

                        )

                )

            [6] => Array
                (
                    [mal_id] => 28977
                    [url] => https://myanimelist.net/anime/28977/Gintama°
                    [images] => Array
                        (
                            [jpg] => Array
                                (
                                    [image_url] => https://cdn.myanimelist.net/images/anime/3/72078.jpg
                                    [small_image_url] => https://cdn.myanimelist.net/images/anime/3/72078t.jpg
                                    [large_image_url] => https://cdn.myanimelist.net/images/anime/3/72078l.jpg
                                )

                            [webp] => Array
                                (
                                    [image_url] => https://cdn.myanimelist.net/images/anime/3/72078.webp
                                    [small_image_url] => https://cdn.myanimelist.net/images/anime/3/72078t.webp
                                    [large_image_url] => https://cdn.myanimelist.net/images/anime/3/72078l.webp
                                )

                        )

                    [trailer] => Array
                        (
                            [youtube_id] => 
                            [url] => 
                            [embed_url] => 
                            [images] => Array
                                (
                                    [image_url] => 
                                    [small_image_url] => 
                                    [medium_image_url] => 
                                    [large_image_url] => 
                                    [maximum_image_url] => 
                                )

                        )

                    [approved] => 1
                    [titles] => Array
                        (
                            [0] => Array
                                (
                                    [type] => Default
                                    [title] => Gintama°
                                )

                            [1] => Array
                                (
                                    [type] => Synonym
                                    [title] => Gintama' (2015)
                                )

                            [2] => Array
                                (
                                    [type] => Japanese
                                    [title] => 銀魂°
                                )

                            [3] => Array
                                (
                                    [type] => English
                                    [title] => Gintama Season 4
                                )

                            [4] => Array
                                (
                                    [type] => German
                                    [title] => Gintama Season 4
                                )

                            [5] => Array
                                (
                                    [type] => Spanish
                                    [title] => Gintama Temporada 4
                                )

                            [6] => Array
                                (
                                    [type] => French
                                    [title] => Gintama Saison 4
                                )

                        )

                    [title] => Gintama°
                    [title_english] => Gintama Season 4
                    [title_japanese] => 銀魂°
                    [title_synonyms] => Array
                        (
                            [0] => Gintama' (2015)
                        )

                    [type] => TV
                    [source] => Manga
                    [episodes] => 51
                    [status] => Finished Airing
                    [airing] => 
                    [aired] => Array
                        (
                            [from] => 2015-04-08T00:00:00+00:00
                            [to] => 2016-03-30T00:00:00+00:00
                            [prop] => Array
                                (
                                    [from] => Array
                                        (
                                            [day] => 8
                                            [month] => 4
                                            [year] => 2015
                                        )

                                    [to] => Array
                                        (
                                            [day] => 30
                                            [month] => 3
                                            [year] => 2016
                                        )

                                )

                            [string] => Apr 8, 2015 to Mar 30, 2016
                        )

                    [duration] => 24 min per ep
                    [rating] => PG-13 - Teens 13 or older
                    [score] => 9.05
                    [scored_by] => 273277
                    [rank] => 7
                    [popularity] => 349
                    [members] => 693777
                    [favorites] => 17562
                    [synopsis] => Gintoki, Shinpachi, and Kagura return as the fun-loving but broke members of the Yorozuya team! Living in an alternate-reality Edo, where swords are prohibited and alien overlords have conquered Japan, they try to thrive on doing whatever work they can get their hands on. However, Shinpachi and Kagura still haven't been paid... Does Gin-chan really spend all that cash playing pachinko?

Meanwhile, when Gintoki drunkenly staggers home one night, an alien spaceship crashes nearby. A fatally injured crew member emerges from the ship and gives Gintoki a strange, clock-shaped device, warning him that it is incredibly powerful and must be safeguarded. Mistaking it for his alarm clock, Gintoki proceeds to smash the device the next morning and suddenly discovers that the world outside his apartment has come to a standstill. With Kagura and Shinpachi at his side, he sets off to get the device fixed; though, as usual, nothing is ever that simple for the Yorozuya team.

Filled with tongue-in-cheek humor and moments of heartfelt emotion, Gintama's fourth season finds Gintoki and his friends facing both their most hilarious misadventures and most dangerous crises yet.

[Written by MAL Rewrite]
                    [background] => 
                    [season] => spring
                    [year] => 2015
                    [broadcast] => Array
                        (
                            [day] => Wednesdays
                            [time] => 18:00
                            [timezone] => Asia/Tokyo
                            [string] => Wednesdays at 18:00 (JST)
                        )

                    [producers] => Array
                        (
                            [0] => Array
                                (
                                    [mal_id] => 16
                                    [type] => anime
                                    [name] => TV Tokyo
                                    [url] => https://myanimelist.net/anime/producer/16/TV_Tokyo
                                )

                            [1] => Array
                                (
                                    [mal_id] => 17
                                    [type] => anime
                                    [name] => Aniplex
                                    [url] => https://myanimelist.net/anime/producer/17/Aniplex
                                )

                            [2] => Array
                                (
                                    [mal_id] => 53
                                    [type] => anime
                                    [name] => Dentsu
                                    [url] => https://myanimelist.net/anime/producer/53/Dentsu
                                )

                        )

                    [licensors] => Array
                        (
                            [0] => Array
                                (
                                    [mal_id] => 102
                                    [type] => anime
                                    [name] => Funimation
                                    [url] => https://myanimelist.net/anime/producer/102/Funimation
                                )

                            [1] => Array
                                (
                                    [mal_id] => 1468
                                    [type] => anime
                                    [name] => Crunchyroll
                                    [url] => https://myanimelist.net/anime/producer/1468/Crunchyroll
                                )

                        )

                    [studios] => Array
                        (
                            [0] => Array
                                (
                                    [mal_id] => 1258
                                    [type] => anime
                                    [name] => Bandai Namco Pictures
                                    [url] => https://myanimelist.net/anime/producer/1258/Bandai_Namco_Pictures
                                )

                        )

                    [genres] => Array
                        (
                            [0] => Array
                                (
                                    [mal_id] => 1
                                    [type] => anime
                                    [name] => Action
                                    [url] => https://myanimelist.net/anime/genre/1/Action
                                )

                            [1] => Array
                                (
                                    [mal_id] => 4
                                    [type] => anime
                                    [name] => Comedy
                                    [url] => https://myanimelist.net/anime/genre/4/Comedy
                                )

                            [2] => Array
                                (
                                    [mal_id] => 24
                                    [type] => anime
                                    [name] => Sci-Fi
                                    [url] => https://myanimelist.net/anime/genre/24/Sci-Fi
                                )

                        )

                    [explicit_genres] => Array
                        (
                        )

                    [themes] => Array
                        (
                            [0] => Array
                                (
                                    [mal_id] => 57
                                    [type] => anime
                                    [name] => Gag Humor
                                    [url] => https://myanimelist.net/anime/genre/57/Gag_Humor
                                )

                            [1] => Array
                                (
                                    [mal_id] => 13
                                    [type] => anime
                                    [name] => Historical
                                    [url] => https://myanimelist.net/anime/genre/13/Historical
                                )

                            [2] => Array
                                (
                                    [mal_id] => 20
                                    [type] => anime
                                    [name] => Parody
                                    [url] => https://myanimelist.net/anime/genre/20/Parody
                                )

                            [3] => Array
                                (
                                    [mal_id] => 21
                                    [type] => anime
                                    [name] => Samurai
                                    [url] => https://myanimelist.net/anime/genre/21/Samurai
                                )

                        )

                    [demographics] => Array
                        (
                            [0] => Array
                                (
                                    [mal_id] => 27
                                    [type] => anime
                                    [name] => Shounen
                                    [url] => https://myanimelist.net/anime/genre/27/Shounen
                                )

                        )

                )

            [7] => Array
                (
                    [mal_id] => 39486
                    [url] => https://myanimelist.net/anime/39486/Gintama__The_Final
                    [images] => Array
                        (
                            [jpg] => Array
                                (
                                    [image_url] => https://cdn.myanimelist.net/images/anime/1245/116760.jpg
                                    [small_image_url] => https://cdn.myanimelist.net/images/anime/1245/116760t.jpg
                                    [large_image_url] => https://cdn.myanimelist.net/images/anime/1245/116760l.jpg
                                )

                            [webp] => Array
                                (
                                    [image_url] => https://cdn.myanimelist.net/images/anime/1245/116760.webp
                                    [small_image_url] => https://cdn.myanimelist.net/images/anime/1245/116760t.webp
                                    [large_image_url] => https://cdn.myanimelist.net/images/anime/1245/116760l.webp
                                )

                        )

                    [trailer] => Array
                        (
                            [youtube_id] => 
                            [url] => 
                            [embed_url] => https://www.youtube-nocookie.com/embed/Zn1filVUyf8?enablejsapi=1&wmode=opaque&autoplay=1
                            [images] => Array
                                (
                                    [image_url] => 
                                    [small_image_url] => 
                                    [medium_image_url] => 
                                    [large_image_url] => 
                                    [maximum_image_url] => 
                                )

                        )

                    [approved] => 1
                    [titles] => Array
                        (
                            [0] => Array
                                (
                                    [type] => Default
                                    [title] => Gintama: The Final
                                )

                            [1] => Array
                                (
                                    [type] => Japanese
                                    [title] => 銀魂 THE FINAL
                                )

                            [2] => Array
                                (
                                    [type] => English
                                    [title] => Gintama: The Very Final
                                )

                            [3] => Array
                                (
                                    [type] => German
                                    [title] => N/A
                                )

                        )

                    [title] => Gintama: The Final
                    [title_english] => Gintama: The Very Final
                    [title_japanese] => 銀魂 THE FINAL
                    [title_synonyms] => Array
                        (
                        )

                    [type] => Movie
                    [source] => Manga
                    [episodes] => 1
                    [status] => Finished Airing
                    [airing] => 
                    [aired] => Array
                        (
                            [from] => 2021-01-08T00:00:00+00:00
                            [to] => 
                            [prop] => Array
                                (
                                    [from] => Array
                                        (
                                            [day] => 8
                                            [month] => 1
                                            [year] => 2021
                                        )

                                    [to] => Array
                                        (
                                            [day] => 
                                            [month] => 
                                            [year] => 
                                        )

                                )

                            [string] => Jan 8, 2021
                        )

                    [duration] => 1 hr 44 min
                    [rating] => PG-13 - Teens 13 or older
                    [score] => 9.05
                    [scored_by] => 87492
                    [rank] => 6
                    [popularity] => 1506
                    [members] => 185156
                    [favorites] => 4693
                    [synopsis] => Two years have passed following the Tendoshuu's invasion of the O-Edo Central Terminal. Since then, the Yorozuya have gone their separate ways. Foreseeing Utsuro's return, Gintoki Sakata begins surveying Earth's ley lines for traces of the other man's Altana. After an encounter with the remnants of the Tendoshuu—who continue to press on in search of immortality—Gintoki returns to Edo.

Later, the regrouped Shinsengumi and Yorozuya begin an attack on the occupied Central Terminal. With the Altana harvested by the wreckage of the Tendoshuu's ship in danger of detonating, the Yorozuya and their allies fight their enemies while the safety of Edo—and the rest of the world—hangs in the balance. Fulfilling the wishes of their teacher, Shouyou Yoshida's former students unite and relive their pasts one final time in an attempt to save their futures.

[Written by MAL Rewrite]
                    [background] => As of March 2021, Gintama: The Final has earned a franchise record of 1.85 billion yen (16.94 million USD) and debuted at No. 1 at the Japanese box office. The film concludes the Gintama anime series, adapting chapters 699-704 of the original manga with new story elements.
                    [season] => 
                    [year] => 
                    [broadcast] => Array
                        (
                            [day] => 
                            [time] => 
                            [timezone] => 
                            [string] => 
                        )

                    [producers] => Array
                        (
                            [0] => Array
                                (
                                    [mal_id] => 16
                                    [type] => anime
                                    [name] => TV Tokyo
                                    [url] => https://myanimelist.net/anime/producer/16/TV_Tokyo
                                )

                            [1] => Array
                                (
                                    [mal_id] => 17
                                    [type] => anime
                                    [name] => Aniplex
                                    [url] => https://myanimelist.net/anime/producer/17/Aniplex
                                )

                            [2] => Array
                                (
                                    [mal_id] => 53
                                    [type] => anime
                                    [name] => Dentsu
                                    [url] => https://myanimelist.net/anime/producer/53/Dentsu
                                )

                            [3] => Array
                                (
                                    [mal_id] => 230
                                    [type] => anime
                                    [name] => Bandai
                                    [url] => https://myanimelist.net/anime/producer/230/Bandai
                                )

                            [4] => Array
                                (
                                    [mal_id] => 415
                                    [type] => anime
                                    [name] => Warner Bros. Japan
                                    [url] => https://myanimelist.net/anime/producer/415/Warner_Bros_Japan
                                )

                            [5] => Array
                                (
                                    [mal_id] => 1365
                                    [type] => anime
                                    [name] => Shueisha
                                    [url] => https://myanimelist.net/anime/producer/1365/Shueisha
                                )

                        )

                    [licensors] => Array
                        (
                            [0] => Array
                                (
                                    [mal_id] => 531
                                    [type] => anime
                                    [name] => Eleven Arts
                                    [url] => https://myanimelist.net/anime/producer/531/Eleven_Arts
                                )

                        )

                    [studios] => Array
                        (
                            [0] => Array
                                (
                                    [mal_id] => 1258
                                    [type] => anime
                                    [name] => Bandai Namco Pictures
                                    [url] => https://myanimelist.net/anime/producer/1258/Bandai_Namco_Pictures
                                )

                        )

                    [genres] => Array
                        (
                            [0] => Array
                                (
                                    [mal_id] => 1
                                    [type] => anime
                                    [name] => Action
                                    [url] => https://myanimelist.net/anime/genre/1/Action
                                )

                            [1] => Array
                                (
                                    [mal_id] => 4
                                    [type] => anime
                                    [name] => Comedy
                                    [url] => https://myanimelist.net/anime/genre/4/Comedy
                                )

                            [2] => Array
                                (
                                    [mal_id] => 8
                                    [type] => anime
                                    [name] => Drama
                                    [url] => https://myanimelist.net/anime/genre/8/Drama
                                )

                            [3] => Array
                                (
                                    [mal_id] => 24
                                    [type] => anime
                                    [name] => Sci-Fi
                                    [url] => https://myanimelist.net/anime/genre/24/Sci-Fi
                                )

                        )

                    [explicit_genres] => Array
                        (
                        )

                    [themes] => Array
                        (
                            [0] => Array
                                (
                                    [mal_id] => 57
                                    [type] => anime
                                    [name] => Gag Humor
                                    [url] => https://myanimelist.net/anime/genre/57/Gag_Humor
                                )

                            [1] => Array
                                (
                                    [mal_id] => 13
                                    [type] => anime
                                    [name] => Historical
                                    [url] => https://myanimelist.net/anime/genre/13/Historical
                                )

                            [2] => Array
                                (
                                    [mal_id] => 20
                                    [type] => anime
                                    [name] => Parody
                                    [url] => https://myanimelist.net/anime/genre/20/Parody
                                )

                            [3] => Array
                                (
                                    [mal_id] => 21
                                    [type] => anime
                                    [name] => Samurai
                                    [url] => https://myanimelist.net/anime/genre/21/Samurai
                                )

                        )

                    [demographics] => Array
                        (
                            [0] => Array
                                (
                                    [mal_id] => 27
                                    [type] => anime
                                    [name] => Shounen
                                    [url] => https://myanimelist.net/anime/genre/27/Shounen
                                )

                        )

                )

            [8] => Array
                (
                    [mal_id] => 11061
                    [url] => https://myanimelist.net/anime/11061/Hunter_x_Hunter_2011
                    [images] => Array
                        (
                            [jpg] => Array
                                (
                                    [image_url] => https://cdn.myanimelist.net/images/anime/1337/99013.jpg
                                    [small_image_url] => https://cdn.myanimelist.net/images/anime/1337/99013t.jpg
                                    [large_image_url] => https://cdn.myanimelist.net/images/anime/1337/99013l.jpg
                                )

                            [webp] => Array
                                (
                                    [image_url] => https://cdn.myanimelist.net/images/anime/1337/99013.webp
                                    [small_image_url] => https://cdn.myanimelist.net/images/anime/1337/99013t.webp
                                    [large_image_url] => https://cdn.myanimelist.net/images/anime/1337/99013l.webp
                                )

                        )

                    [trailer] => Array
                        (
                            [youtube_id] => 
                            [url] => 
                            [embed_url] => https://www.youtube-nocookie.com/embed/D9iTQRB4XRk?enablejsapi=1&wmode=opaque&autoplay=1
                            [images] => Array
                                (
                                    [image_url] => 
                                    [small_image_url] => 
                                    [medium_image_url] => 
                                    [large_image_url] => 
                                    [maximum_image_url] => 
                                )

                        )

                    [approved] => 1
                    [titles] => Array
                        (
                            [0] => Array
                                (
                                    [type] => Default
                                    [title] => Hunter x Hunter (2011)
                                )

                            [1] => Array
                                (
                                    [type] => Synonym
                                    [title] => HxH (2011)
                                )

                            [2] => Array
                                (
                                    [type] => Japanese
                                    [title] => HUNTER×HUNTER（ハンター×ハンター）
                                )

                            [3] => Array
                                (
                                    [type] => English
                                    [title] => Hunter x Hunter
                                )

                            [4] => Array
                                (
                                    [type] => German
                                    [title] => Hunter x Hunter
                                )

                            [5] => Array
                                (
                                    [type] => Spanish
                                    [title] => Hunter x Hunter
                                )

                            [6] => Array
                                (
                                    [type] => French
                                    [title] => Hunter X Hunter
                                )

                        )

                    [title] => Hunter x Hunter (2011)
                    [title_english] => Hunter x Hunter
                    [title_japanese] => HUNTER×HUNTER（ハンター×ハンター）
                    [title_synonyms] => Array
                        (
                            [0] => HxH (2011)
                        )

                    [type] => TV
                    [source] => Manga
                    [episodes] => 148
                    [status] => Finished Airing
                    [airing] => 
                    [aired] => Array
                        (
                            [from] => 2011-10-02T00:00:00+00:00
                            [to] => 2014-09-24T00:00:00+00:00
                            [prop] => Array
                                (
                                    [from] => Array
                                        (
                                            [day] => 2
                                            [month] => 10
                                            [year] => 2011
                                        )

                                    [to] => Array
                                        (
                                            [day] => 24
                                            [month] => 9
                                            [year] => 2014
                                        )

                                )

                            [string] => Oct 2, 2011 to Sep 24, 2014
                        )

                    [duration] => 23 min per ep
                    [rating] => PG-13 - Teens 13 or older
                    [score] => 9.03
                    [scored_by] => 1987308
                    [rank] => 9
                    [popularity] => 8
                    [members] => 3200935
                    [favorites] => 229980
                    [synopsis] => Hunters devote themselves to accomplishing hazardous tasks, all from traversing the world's uncharted territories to locating rare items and monsters. Before becoming a Hunter, one must pass the Hunter Examination—a high-risk selection process in which most applicants end up handicapped or worse, deceased.

Ambitious participants who challenge the notorious exam carry their own reason. What drives 12-year-old Gon Freecss is finding Ging, his father and a Hunter himself. Believing that he will meet his father by becoming a Hunter, Gon takes the first step to walk the same path.

During the Hunter Examination, Gon befriends the medical student Leorio Paladiknight, the vindictive Kurapika, and ex-assassin Killua Zoldyck. While their motives vastly differ from each other, they band together for a common goal and begin to venture into a perilous world.

[Written by MAL Rewrite]
                    [background] => 
                    [season] => fall
                    [year] => 2011
                    [broadcast] => Array
                        (
                            [day] => Sundays
                            [time] => 10:55
                            [timezone] => Asia/Tokyo
                            [string] => Sundays at 10:55 (JST)
                        )

                    [producers] => Array
                        (
                            [0] => Array
                                (
                                    [mal_id] => 29
                                    [type] => anime
                                    [name] => VAP
                                    [url] => https://myanimelist.net/anime/producer/29/VAP
                                )

                            [1] => Array
                                (
                                    [mal_id] => 1003
                                    [type] => anime
                                    [name] => Nippon Television Network
                                    [url] => https://myanimelist.net/anime/producer/1003/Nippon_Television_Network
                                )

                            [2] => Array
                                (
                                    [mal_id] => 1365
                                    [type] => anime
                                    [name] => Shueisha
                                    [url] => https://myanimelist.net/anime/producer/1365/Shueisha
                                )

                        )

                    [licensors] => Array
                        (
                            [0] => Array
                                (
                                    [mal_id] => 119
                                    [type] => anime
                                    [name] => VIZ Media
                                    [url] => https://myanimelist.net/anime/producer/119/VIZ_Media
                                )

                        )

                    [studios] => Array
                        (
                            [0] => Array
                                (
                                    [mal_id] => 11
                                    [type] => anime
                                    [name] => Madhouse
                                    [url] => https://myanimelist.net/anime/producer/11/Madhouse
                                )

                        )

                    [genres] => Array
                        (
                            [0] => Array
                                (
                                    [mal_id] => 1
                                    [type] => anime
                                    [name] => Action
                                    [url] => https://myanimelist.net/anime/genre/1/Action
                                )

                            [1] => Array
                                (
                                    [mal_id] => 2
                                    [type] => anime
                                    [name] => Adventure
                                    [url] => https://myanimelist.net/anime/genre/2/Adventure
                                )

                            [2] => Array
                                (
                                    [mal_id] => 10
                                    [type] => anime
                                    [name] => Fantasy
                                    [url] => https://myanimelist.net/anime/genre/10/Fantasy
                                )

                        )

                    [explicit_genres] => Array
                        (
                        )

                    [themes] => Array
                        (
                        )

                    [demographics] => Array
                        (
                            [0] => Array
                                (
                                    [mal_id] => 27
                                    [type] => anime
                                    [name] => Shounen
                                    [url] => https://myanimelist.net/anime/genre/27/Shounen
                                )

                        )

                )

            [9] => Array
                (
                    [mal_id] => 9969
                    [url] => https://myanimelist.net/anime/9969/Gintama
                    [images] => Array
                        (
                            [jpg] => Array
                                (
                                    [image_url] => https://cdn.myanimelist.net/images/anime/4/50361.jpg
                                    [small_image_url] => https://cdn.myanimelist.net/images/anime/4/50361t.jpg
                                    [large_image_url] => https://cdn.myanimelist.net/images/anime/4/50361l.jpg
                                )

                            [webp] => Array
                                (
                                    [image_url] => https://cdn.myanimelist.net/images/anime/4/50361.webp
                                    [small_image_url] => https://cdn.myanimelist.net/images/anime/4/50361t.webp
                                    [large_image_url] => https://cdn.myanimelist.net/images/anime/4/50361l.webp
                                )

                        )

                    [trailer] => Array
                        (
                            [youtube_id] => 
                            [url] => 
                            [embed_url] => 
                            [images] => Array
                                (
                                    [image_url] => 
                                    [small_image_url] => 
                                    [medium_image_url] => 
                                    [large_image_url] => 
                                    [maximum_image_url] => 
                                )

                        )

                    [approved] => 1
                    [titles] => Array
                        (
                            [0] => Array
                                (
                                    [type] => Default
                                    [title] => Gintama'
                                )

                            [1] => Array
                                (
                                    [type] => Synonym
                                    [title] => Gintama (2011)
                                )

                            [2] => Array
                                (
                                    [type] => Japanese
                                    [title] => 銀魂'
                                )

                            [3] => Array
                                (
                                    [type] => English
                                    [title] => Gintama Season 2
                                )

                            [4] => Array
                                (
                                    [type] => German
                                    [title] => Gintama Staffel 2
                                )

                            [5] => Array
                                (
                                    [type] => Spanish
                                    [title] => Gintama Temporada 2
                                )

                            [6] => Array
                                (
                                    [type] => French
                                    [title] => Gintama Saison 2
                                )

                        )

                    [title] => Gintama'
                    [title_english] => Gintama Season 2
                    [title_japanese] => 銀魂'
                    [title_synonyms] => Array
                        (
                            [0] => Gintama (2011)
                        )

                    [type] => TV
                    [source] => Manga
                    [episodes] => 51
                    [status] => Finished Airing
                    [airing] => 
                    [aired] => Array
                        (
                            [from] => 2011-04-04T00:00:00+00:00
                            [to] => 2012-03-26T00:00:00+00:00
                            [prop] => Array
                                (
                                    [from] => Array
                                        (
                                            [day] => 4
                                            [month] => 4
                                            [year] => 2011
                                        )

                                    [to] => Array
                                        (
                                            [day] => 26
                                            [month] => 3
                                            [year] => 2012
                                        )

                                )

                            [string] => Apr 4, 2011 to Mar 26, 2012
                        )

                    [duration] => 24 min per ep
                    [rating] => PG-13 - Teens 13 or older
                    [score] => 9.02
                    [scored_by] => 258560
                    [rank] => 11
                    [popularity] => 408
                    [members] => 616365
                    [favorites] => 8641
                    [synopsis] => After a one-year hiatus, Shinpachi Shimura returns to Edo, only to stumble upon a shocking surprise: Gintoki and Kagura, his fellow Yorozuya members, have become completely different characters! Fleeing from the Yorozuya headquarters in confusion, Shinpachi finds that all the denizens of Edo have undergone impossibly extreme changes, in both appearance and personality. Most unbelievably, his sister Otae has married the Shinsengumi chief and shameless stalker Isao Kondou and is pregnant with their first child.

Bewildered, Shinpachi agrees to join the Shinsengumi at Otae and Kondou's request and finds even more startling transformations afoot both in and out of the ranks of the the organization. However, discovering that Vice Chief Toushirou Hijikata has remained unchanged, Shinpachi and his unlikely Shinsengumi ally set out to return the city of Edo to how they remember it.

With even more dirty jokes, tongue-in-cheek parodies, and shameless references, Gintama' follows the Yorozuya team through more of their misadventures in the vibrant, alien-filled world of Edo.

[Written by MAL Rewrite]
                    [background] => 
                    [season] => spring
                    [year] => 2011
                    [broadcast] => Array
                        (
                            [day] => Mondays
                            [time] => 18:00
                            [timezone] => Asia/Tokyo
                            [string] => Mondays at 18:00 (JST)
                        )

                    [producers] => Array
                        (
                            [0] => Array
                                (
                                    [mal_id] => 16
                                    [type] => anime
                                    [name] => TV Tokyo
                                    [url] => https://myanimelist.net/anime/producer/16/TV_Tokyo
                                )

                            [1] => Array
                                (
                                    [mal_id] => 17
                                    [type] => anime
                                    [name] => Aniplex
                                    [url] => https://myanimelist.net/anime/producer/17/Aniplex
                                )

                            [2] => Array
                                (
                                    [mal_id] => 53
                                    [type] => anime
                                    [name] => Dentsu
                                    [url] => https://myanimelist.net/anime/producer/53/Dentsu
                                )

                            [3] => Array
                                (
                                    [mal_id] => 643
                                    [type] => anime
                                    [name] => Trinity Sound
                                    [url] => https://myanimelist.net/anime/producer/643/Trinity_Sound
                                )

                            [4] => Array
                                (
                                    [mal_id] => 763
                                    [type] => anime
                                    [name] => Miracle Robo
                                    [url] => https://myanimelist.net/anime/producer/763/Miracle_Robo
                                )

                            [5] => Array
                                (
                                    [mal_id] => 1365
                                    [type] => anime
                                    [name] => Shueisha
                                    [url] => https://myanimelist.net/anime/producer/1365/Shueisha
                                )

                        )

                    [licensors] => Array
                        (
                        )

                    [studios] => Array
                        (
                            [0] => Array
                                (
                                    [mal_id] => 14
                                    [type] => anime
                                    [name] => Sunrise
                                    [url] => https://myanimelist.net/anime/producer/14/Sunrise
                                )

                        )

                    [genres] => Array
                        (
                            [0] => Array
                                (
                                    [mal_id] => 1
                                    [type] => anime
                                    [name] => Action
                                    [url] => https://myanimelist.net/anime/genre/1/Action
                                )

                            [1] => Array
                                (
                                    [mal_id] => 4
                                    [type] => anime
                                    [name] => Comedy
                                    [url] => https://myanimelist.net/anime/genre/4/Comedy
                                )

                            [2] => Array
                                (
                                    [mal_id] => 24
                                    [type] => anime
                                    [name] => Sci-Fi
                                    [url] => https://myanimelist.net/anime/genre/24/Sci-Fi
                                )

                        )

                    [explicit_genres] => Array
                        (
                        )

                    [themes] => Array
                        (
                            [0] => Array
                                (
                                    [mal_id] => 57
                                    [type] => anime
                                    [name] => Gag Humor
                                    [url] => https://myanimelist.net/anime/genre/57/Gag_Humor
                                )

                            [1] => Array
                                (
                                    [mal_id] => 13
                                    [type] => anime
                                    [name] => Historical
                                    [url] => https://myanimelist.net/anime/genre/13/Historical
                                )

                            [2] => Array
                                (
                                    [mal_id] => 20
                                    [type] => anime
                                    [name] => Parody
                                    [url] => https://myanimelist.net/anime/genre/20/Parody
                                )

                            [3] => Array
                                (
                                    [mal_id] => 21
                                    [type] => anime
                                    [name] => Samurai
                                    [url] => https://myanimelist.net/anime/genre/21/Samurai
                                )

                        )

                    [demographics] => Array
                        (
                            [0] => Array
                                (
                                    [mal_id] => 27
                                    [type] => anime
                                    [name] => Shounen
                                    [url] => https://myanimelist.net/anime/genre/27/Shounen
                                )

                        )

                )

            [10] => Array
                (
                    [mal_id] => 15417
                    [url] => https://myanimelist.net/anime/15417/Gintama__Enchousen
                    [images] => Array
                        (
                            [jpg] => Array
                                (
                                    [image_url] => https://cdn.myanimelist.net/images/anime/1452/123686.jpg
                                    [small_image_url] => https://cdn.myanimelist.net/images/anime/1452/123686t.jpg
                                    [large_image_url] => https://cdn.myanimelist.net/images/anime/1452/123686l.jpg
                                )

                            [webp] => Array
                                (
                                    [image_url] => https://cdn.myanimelist.net/images/anime/1452/123686.webp
                                    [small_image_url] => https://cdn.myanimelist.net/images/anime/1452/123686t.webp
                                    [large_image_url] => https://cdn.myanimelist.net/images/anime/1452/123686l.webp
                                )

                        )

                    [trailer] => Array
                        (
                            [youtube_id] => 
                            [url] => 
                            [embed_url] => 
                            [images] => Array
                                (
                                    [image_url] => 
                                    [small_image_url] => 
                                    [medium_image_url] => 
                                    [large_image_url] => 
                                    [maximum_image_url] => 
                                )

                        )

                    [approved] => 1
                    [titles] => Array
                        (
                            [0] => Array
                                (
                                    [type] => Default
                                    [title] => Gintama': Enchousen
                                )

                            [1] => Array
                                (
                                    [type] => Synonym
                                    [title] => Gintama' (2012)
                                )

                            [2] => Array
                                (
                                    [type] => Synonym
                                    [title] => Gintama' Overdrive
                                )

                            [3] => Array
                                (
                                    [type] => Synonym
                                    [title] => Kintama
                                )

                            [4] => Array
                                (
                                    [type] => Synonym
                                    [title] => Gintama Season 3
                                )

                            [5] => Array
                                (
                                    [type] => Japanese
                                    [title] => 銀魂' 延長戦
                                )

                            [6] => Array
                                (
                                    [type] => English
                                    [title] => Gintama: Enchousen
                                )

                        )

                    [title] => Gintama': Enchousen
                    [title_english] => Gintama: Enchousen
                    [title_japanese] => 銀魂' 延長戦
                    [title_synonyms] => Array
                        (
                            [0] => Gintama' (2012)
                            [1] => Gintama' Overdrive
                            [2] => Kintama
                            [3] => Gintama Season 3
                        )

                    [type] => TV
                    [source] => Manga
                    [episodes] => 13
                    [status] => Finished Airing
                    [airing] => 
                    [aired] => Array
                        (
                            [from] => 2012-10-04T00:00:00+00:00
                            [to] => 2013-03-28T00:00:00+00:00
                            [prop] => Array
                                (
                                    [from] => Array
                                        (
                                            [day] => 4
                                            [month] => 10
                                            [year] => 2012
                                        )

                                    [to] => Array
                                        (
                                            [day] => 28
                                            [month] => 3
                                            [year] => 2013
                                        )

                                )

                            [string] => Oct 4, 2012 to Mar 28, 2013
                        )

                    [duration] => 24 min per ep
                    [rating] => PG-13 - Teens 13 or older
                    [score] => 9.02
                    [scored_by] => 179834
                    [rank] => 12
                    [popularity] => 764
                    [members] => 359288
                    [favorites] => 3188
                    [synopsis] => While Gintoki Sakata was away, the Yorozuya found themselves a new leader: Kintoki, Gintoki's golden-haired doppelganger. In order to regain his former position, Gintoki will need the help of those around him, a troubling feat when no one can remember him! Between Kintoki and Gintoki, who will claim the throne as the main character?

In addition, Yorozuya make a trip back down to red-light district of Yoshiwara to aid an elderly courtesan in her search for her long-lost lover. Although the district is no longer in chains beneath the earth's surface, the trio soon learn of the tragic backstories of Yoshiwara's inhabitants that still haunt them. With flashback after flashback, this quest has Yorozuya witnessing everlasting love and protecting it as best they can with their hearts and souls.

[Written by MAL Rewrite]
                    [background] => 
                    [season] => fall
                    [year] => 2012
                    [broadcast] => Array
                        (
                            [day] => Thursdays
                            [time] => 18:00
                            [timezone] => Asia/Tokyo
                            [string] => Thursdays at 18:00 (JST)
                        )

                    [producers] => Array
                        (
                            [0] => Array
                                (
                                    [mal_id] => 16
                                    [type] => anime
                                    [name] => TV Tokyo
                                    [url] => https://myanimelist.net/anime/producer/16/TV_Tokyo
                                )

                            [1] => Array
                                (
                                    [mal_id] => 17
                                    [type] => anime
                                    [name] => Aniplex
                                    [url] => https://myanimelist.net/anime/producer/17/Aniplex
                                )

                            [2] => Array
                                (
                                    [mal_id] => 53
                                    [type] => anime
                                    [name] => Dentsu
                                    [url] => https://myanimelist.net/anime/producer/53/Dentsu
                                )

                            [3] => Array
                                (
                                    [mal_id] => 1365
                                    [type] => anime
                                    [name] => Shueisha
                                    [url] => https://myanimelist.net/anime/producer/1365/Shueisha
                                )

                            [4] => Array
                                (
                                    [mal_id] => 1406
                                    [type] => anime
                                    [name] => Miracle Bus
                                    [url] => https://myanimelist.net/anime/producer/1406/Miracle_Bus
                                )

                        )

                    [licensors] => Array
                        (
                        )

                    [studios] => Array
                        (
                            [0] => Array
                                (
                                    [mal_id] => 14
                                    [type] => anime
                                    [name] => Sunrise
                                    [url] => https://myanimelist.net/anime/producer/14/Sunrise
                                )

                        )

                    [genres] => Array
                        (
                            [0] => Array
                                (
                                    [mal_id] => 1
                                    [type] => anime
                                    [name] => Action
                                    [url] => https://myanimelist.net/anime/genre/1/Action
                                )

                            [1] => Array
                                (
                                    [mal_id] => 4
                                    [type] => anime
                                    [name] => Comedy
                                    [url] => https://myanimelist.net/anime/genre/4/Comedy
                                )

                            [2] => Array
                                (
                                    [mal_id] => 24
                                    [type] => anime
                                    [name] => Sci-Fi
                                    [url] => https://myanimelist.net/anime/genre/24/Sci-Fi
                                )

                        )

                    [explicit_genres] => Array
                        (
                        )

                    [themes] => Array
                        (
                            [0] => Array
                                (
                                    [mal_id] => 57
                                    [type] => anime
                                    [name] => Gag Humor
                                    [url] => https://myanimelist.net/anime/genre/57/Gag_Humor
                                )

                            [1] => Array
                                (
                                    [mal_id] => 13
                                    [type] => anime
                                    [name] => Historical
                                    [url] => https://myanimelist.net/anime/genre/13/Historical
                                )

                            [2] => Array
                                (
                                    [mal_id] => 20
                                    [type] => anime
                                    [name] => Parody
                                    [url] => https://myanimelist.net/anime/genre/20/Parody
                                )

                            [3] => Array
                                (
                                    [mal_id] => 21
                                    [type] => anime
                                    [name] => Samurai
                                    [url] => https://myanimelist.net/anime/genre/21/Samurai
                                )

                        )

                    [demographics] => Array
                        (
                            [0] => Array
                                (
                                    [mal_id] => 27
                                    [type] => anime
                                    [name] => Shounen
                                    [url] => https://myanimelist.net/anime/genre/27/Shounen
                                )

                        )

                )

            [11] => Array
                (
                    [mal_id] => 820
                    [url] => https://myanimelist.net/anime/820/Ginga_Eiyuu_Densetsu
                    [images] => Array
                        (
                            [jpg] => Array
                                (
                                    [image_url] => https://cdn.myanimelist.net/images/anime/1976/142016.jpg
                                    [small_image_url] => https://cdn.myanimelist.net/images/anime/1976/142016t.jpg
                                    [large_image_url] => https://cdn.myanimelist.net/images/anime/1976/142016l.jpg
                                )

                            [webp] => Array
                                (
                                    [image_url] => https://cdn.myanimelist.net/images/anime/1976/142016.webp
                                    [small_image_url] => https://cdn.myanimelist.net/images/anime/1976/142016t.webp
                                    [large_image_url] => https://cdn.myanimelist.net/images/anime/1976/142016l.webp
                                )

                        )

                    [trailer] => Array
                        (
                            [youtube_id] => 
                            [url] => 
                            [embed_url] => https://www.youtube-nocookie.com/embed/Ou37P25tjJY?enablejsapi=1&wmode=opaque&autoplay=1
                            [images] => Array
                                (
                                    [image_url] => 
                                    [small_image_url] => 
                                    [medium_image_url] => 
                                    [large_image_url] => 
                                    [maximum_image_url] => 
                                )

                        )

                    [approved] => 1
                    [titles] => Array
                        (
                            [0] => Array
                                (
                                    [type] => Default
                                    [title] => Ginga Eiyuu Densetsu
                                )

                            [1] => Array
                                (
                                    [type] => Synonym
                                    [title] => LoGH
                                )

                            [2] => Array
                                (
                                    [type] => Synonym
                                    [title] => LotGH
                                )

                            [3] => Array
                                (
                                    [type] => Synonym
                                    [title] => Gin'eiden
                                )

                            [4] => Array
                                (
                                    [type] => Synonym
                                    [title] => GinEiDen
                                )

                            [5] => Array
                                (
                                    [type] => Synonym
                                    [title] => Heldensagen Vom Kosmosinsel
                                )

                            [6] => Array
                                (
                                    [type] => Japanese
                                    [title] => 銀河英雄伝説
                                )

                            [7] => Array
                                (
                                    [type] => English
                                    [title] => Legend of the Galactic Heroes
                                )

                            [8] => Array
                                (
                                    [type] => French
                                    [title] => Les Héros de la Galaxie
                                )

                        )

                    [title] => Ginga Eiyuu Densetsu
                    [title_english] => Legend of the Galactic Heroes
                    [title_japanese] => 銀河英雄伝説
                    [title_synonyms] => Array
                        (
                            [0] => LoGH
                            [1] => LotGH
                            [2] => Gin'eiden
                            [3] => GinEiDen
                            [4] => Heldensagen Vom Kosmosinsel
                        )

                    [type] => OVA
                    [source] => Novel
                    [episodes] => 110
                    [status] => Finished Airing
                    [airing] => 
                    [aired] => Array
                        (
                            [from] => 1988-01-08T00:00:00+00:00
                            [to] => 1997-03-17T00:00:00+00:00
                            [prop] => Array
                                (
                                    [from] => Array
                                        (
                                            [day] => 8
                                            [month] => 1
                                            [year] => 1988
                                        )

                                    [to] => Array
                                        (
                                            [day] => 17
                                            [month] => 3
                                            [year] => 1997
                                        )

                                )

                            [string] => Jan 8, 1988 to Mar 17, 1997
                        )

                    [duration] => 26 min per ep
                    [rating] => R - 17+ (violence & profanity)
                    [score] => 9.02
                    [scored_by] => 88218
                    [rank] => 10
                    [popularity] => 756
                    [members] => 364754
                    [favorites] => 17934
                    [synopsis] => The 150-year-long stalemate between the two interstellar superpowers, the Galactic Empire and the Free Planets Alliance, comes to an end when a new generation of leaders arises: the idealistic military genius Reinhard von Lohengramm, and the FPA's reserved historian, Yang Wenli.

While Reinhard climbs the ranks of the Empire with the aid of his childhood friend, Siegfried Kircheis, he must fight not only the war, but also the remnants of the crumbling Goldenbaum Dynasty in order to free his sister from the Kaiser and unify humanity under one genuine ruler. Meanwhile, on the other side of the galaxy, Yang—a strong supporter of democratic ideals—has to stand firm in his beliefs, despite the struggles of the FPA, and show his pupil, Julian Mintz, that autocracy is not the solution.

As ideologies clash amidst the war's many casualties, the two strategic masterminds must ask themselves what the real reason behind their battle is.

[Written by MAL Rewrite]
                    [background] => Legend of the Galactic Heroes was adapted from a series of ten novels, published 1982–87, by Yoshiki Tanaka. The novels won the Seiun Award for the best long-form Japanese science fiction in 1988. At the start of its production the anime was distributed through a subscription system in which episodes were mailed to existing fans of the novels. It was made in four separate tranches over nearly a decade, with the production of side-stories continuing for several further years. The main series has the largest voice cast of any anime, with well over 300 voice actors, and it is the longest OVA series ever made. The novels have also been adapted into a manga, a stage musical by the Takarazuka Revue and a number of games.
                    [season] => 
                    [year] => 
                    [broadcast] => Array
                        (
                            [day] => 
                            [time] => 
                            [timezone] => 
                            [string] => 
                        )

                    [producers] => Array
                        (
                            [0] => Array
                                (
                                    [mal_id] => 16
                                    [type] => anime
                                    [name] => TV Tokyo
                                    [url] => https://myanimelist.net/anime/producer/16/TV_Tokyo
                                )

                            [1] => Array
                                (
                                    [mal_id] => 99
                                    [type] => anime
                                    [name] => Kitty Films
                                    [url] => https://myanimelist.net/anime/producer/99/Kitty_Films
                                )

                            [2] => Array
                                (
                                    [mal_id] => 382
                                    [type] => anime
                                    [name] => Tokuma Shoten
                                    [url] => https://myanimelist.net/anime/producer/382/Tokuma_Shoten
                                )

                            [3] => Array
                                (
                                    [mal_id] => 1493
                                    [type] => anime
                                    [name] => Tokuma Japan Communications
                                    [url] => https://myanimelist.net/anime/producer/1493/Tokuma_Japan_Communications
                                )

                            [4] => Array
                                (
                                    [mal_id] => 2434
                                    [type] => anime
                                    [name] => Wright Staff
                                    [url] => https://myanimelist.net/anime/producer/2434/Wright_Staff
                                )

                        )

                    [licensors] => Array
                        (
                            [0] => Array
                                (
                                    [mal_id] => 376
                                    [type] => anime
                                    [name] => Sentai Filmworks
                                    [url] => https://myanimelist.net/anime/producer/376/Sentai_Filmworks
                                )

                        )

                    [studios] => Array
                        (
                            [0] => Array
                                (
                                    [mal_id] => 1269
                                    [type] => anime
                                    [name] => K-Factory
                                    [url] => https://myanimelist.net/anime/producer/1269/K-Factory
                                )

                            [1] => Array
                                (
                                    [mal_id] => 2256
                                    [type] => anime
                                    [name] => Kitty Film Mitaka Studio
                                    [url] => https://myanimelist.net/anime/producer/2256/Kitty_Film_Mitaka_Studio
                                )

                        )

                    [genres] => Array
                        (
                            [0] => Array
                                (
                                    [mal_id] => 8
                                    [type] => anime
                                    [name] => Drama
                                    [url] => https://myanimelist.net/anime/genre/8/Drama
                                )

                            [1] => Array
                                (
                                    [mal_id] => 24
                                    [type] => anime
                                    [name] => Sci-Fi
                                    [url] => https://myanimelist.net/anime/genre/24/Sci-Fi
                                )

                        )

                    [explicit_genres] => Array
                        (
                        )

                    [themes] => Array
                        (
                            [0] => Array
                                (
                                    [mal_id] => 50
                                    [type] => anime
                                    [name] => Adult Cast
                                    [url] => https://myanimelist.net/anime/genre/50/Adult_Cast
                                )

                            [1] => Array
                                (
                                    [mal_id] => 38
                                    [type] => anime
                                    [name] => Military
                                    [url] => https://myanimelist.net/anime/genre/38/Military
                                )

                            [2] => Array
                                (
                                    [mal_id] => 29
                                    [type] => anime
                                    [name] => Space
                                    [url] => https://myanimelist.net/anime/genre/29/Space
                                )

                        )

                    [demographics] => Array
                        (
                        )

                )

            [12] => Array
                (
                    [mal_id] => 61316
                    [url] => https://myanimelist.net/anime/61316/Re_Zero_kara_Hajimeru_Isekai_Seikatsu_4th_Season
                    [images] => Array
                        (
                            [jpg] => Array
                                (
                                    [image_url] => https://cdn.myanimelist.net/images/anime/1540/155824.jpg
                                    [small_image_url] => https://cdn.myanimelist.net/images/anime/1540/155824t.jpg
                                    [large_image_url] => https://cdn.myanimelist.net/images/anime/1540/155824l.jpg
                                )

                            [webp] => Array
                                (
                                    [image_url] => https://cdn.myanimelist.net/images/anime/1540/155824.webp
                                    [small_image_url] => https://cdn.myanimelist.net/images/anime/1540/155824t.webp
                                    [large_image_url] => https://cdn.myanimelist.net/images/anime/1540/155824l.webp
                                )

                        )

                    [trailer] => Array
                        (
                            [youtube_id] => 
                            [url] => 
                            [embed_url] => https://www.youtube-nocookie.com/embed/jVl4bY81iIs?enablejsapi=1&wmode=opaque&autoplay=1
                            [images] => Array
                                (
                                    [image_url] => 
                                    [small_image_url] => 
                                    [medium_image_url] => 
                                    [large_image_url] => 
                                    [maximum_image_url] => 
                                )

                        )

                    [approved] => 1
                    [titles] => Array
                        (
                            [0] => Array
                                (
                                    [type] => Default
                                    [title] => Re:Zero kara Hajimeru Isekai Seikatsu 4th Season
                                )

                            [1] => Array
                                (
                                    [type] => Synonym
                                    [title] => Re: Life in a different world from zero
                                )

                            [2] => Array
                                (
                                    [type] => Synonym
                                    [title] => ReZero
                                )

                            [3] => Array
                                (
                                    [type] => Japanese
                                    [title] => Re:ゼロから始める異世界生活 4th season
                                )

                            [4] => Array
                                (
                                    [type] => English
                                    [title] => Re:ZERO -Starting Life in Another World- Season 4
                                )

                        )

                    [title] => Re:Zero kara Hajimeru Isekai Seikatsu 4th Season
                    [title_english] => Re:ZERO -Starting Life in Another World- Season 4
                    [title_japanese] => Re:ゼロから始める異世界生活 4th season
                    [title_synonyms] => Array
                        (
                            [0] => Re: Life in a different world from zero
                            [1] => ReZero
                        )

                    [type] => TV
                    [source] => Light novel
                    [episodes] => 19
                    [status] => Currently Airing
                    [airing] => 1
                    [aired] => Array
                        (
                            [from] => 2026-04-08T00:00:00+00:00
                            [to] => 
                            [prop] => Array
                                (
                                    [from] => Array
                                        (
                                            [day] => 8
                                            [month] => 4
                                            [year] => 2026
                                        )

                                    [to] => Array
                                        (
                                            [day] => 
                                            [month] => 
                                            [year] => 
                                        )

                                )

                            [string] => Apr 8, 2026 to ?
                        )

                    [duration] => 23 min per ep
                    [rating] => R - 17+ (violence & profanity)
                    [score] => 9.01
                    [scored_by] => 45388
                    [rank] => 14
                    [popularity] => 1155
                    [members] => 246714
                    [favorites] => 3122
                    [synopsis] => In the deadly battle at the Watergate City of Priestella, Subaru and his allies barely emerged victorious—but their triumph came at a great cost. Through the "Authority of Gluttony," Rem was put into suspended animation, while Crusch's memories and even Julius’s name were devoured. As he searches for a way to save them, Subaru learns of the "Sage" Shaula—an all-seeing being said to possess every form of knowledge. His next destination is the Pleiades Watchtower, home to the Sage, the farthest tower standing in the vast, uncharted desert known as the Auguria Dunes—a place so perilous that even the mightiest "Sword Saint," Reinhard, failed to conquer it. The fury of nature, unknown magical beasts, and unimaginable dangers lie ahead. Together with his friends, Subaru embarks on a life-risking journey to reclaim what was lost.

(Source: Kadokawa, edited)
                    [background] => Re:Zero kara Hajimeru Isekai Seikatsu 4th Season is comprised of two arcs. The first eleven episodes are subtitled Soushitsu-hen (Loss Arc). The latter eight, subtitled Dakkan-hen (Recapture Arc), began airing on August 12, 2026.
                    [season] => spring
                    [year] => 2026
                    [broadcast] => Array
                        (
                            [day] => Wednesdays
                            [time] => 22:00
                            [timezone] => Asia/Tokyo
                            [string] => Wednesdays at 22:00 (JST)
                        )

                    [producers] => Array
                        (
                            [0] => Array
                                (
                                    [mal_id] => 238
                                    [type] => anime
                                    [name] => AT-X
                                    [url] => https://myanimelist.net/anime/producer/238/AT-X
                                )

                            [1] => Array
                                (
                                    [mal_id] => 306
                                    [type] => anime
                                    [name] => Magic Capsule
                                    [url] => https://myanimelist.net/anime/producer/306/Magic_Capsule
                                )

                            [2] => Array
                                (
                                    [mal_id] => 647
                                    [type] => anime
                                    [name] => Memory-Tech
                                    [url] => https://myanimelist.net/anime/producer/647/Memory-Tech
                                )

                            [3] => Array
                                (
                                    [mal_id] => 1333
                                    [type] => anime
                                    [name] => Hakuhodo DY Music & Pictures
                                    [url] => https://myanimelist.net/anime/producer/1333/Hakuhodo_DY_Music___Pictures
                                )

                            [4] => Array
                                (
                                    [mal_id] => 1696
                                    [type] => anime
                                    [name] => Kadokawa
                                    [url] => https://myanimelist.net/anime/producer/1696/Kadokawa
                                )

                            [5] => Array
                                (
                                    [mal_id] => 2927
                                    [type] => anime
                                    [name] => DAXEL
                                    [url] => https://myanimelist.net/anime/producer/2927/DAXEL
                                )

                        )

                    [licensors] => Array
                        (
                        )

                    [studios] => Array
                        (
                            [0] => Array
                                (
                                    [mal_id] => 314
                                    [type] => anime
                                    [name] => White Fox
                                    [url] => https://myanimelist.net/anime/producer/314/White_Fox
                                )

                        )

                    [genres] => Array
                        (
                            [0] => Array
                                (
                                    [mal_id] => 8
                                    [type] => anime
                                    [name] => Drama
                                    [url] => https://myanimelist.net/anime/genre/8/Drama
                                )

                            [1] => Array
                                (
                                    [mal_id] => 10
                                    [type] => anime
                                    [name] => Fantasy
                                    [url] => https://myanimelist.net/anime/genre/10/Fantasy
                                )

                            [2] => Array
                                (
                                    [mal_id] => 41
                                    [type] => anime
                                    [name] => Suspense
                                    [url] => https://myanimelist.net/anime/genre/41/Suspense
                                )

                        )

                    [explicit_genres] => Array
                        (
                        )

                    [themes] => Array
                        (
                            [0] => Array
                                (
                                    [mal_id] => 62
                                    [type] => anime
                                    [name] => Isekai
                                    [url] => https://myanimelist.net/anime/genre/62/Isekai
                                )

                            [1] => Array
                                (
                                    [mal_id] => 40
                                    [type] => anime
                                    [name] => Psychological
                                    [url] => https://myanimelist.net/anime/genre/40/Psychological
                                )

                            [2] => Array
                                (
                                    [mal_id] => 78
                                    [type] => anime
                                    [name] => Time Travel
                                    [url] => https://myanimelist.net/anime/genre/78/Time_Travel
                                )

                        )

                    [demographics] => Array
                        (
                        )

                )

            [13] => Array
                (
                    [mal_id] => 60022
                    [url] => https://myanimelist.net/anime/60022/One_Piece_Fan_Letter
                    [images] => Array
                        (
                            [jpg] => Array
                                (
                                    [image_url] => https://cdn.myanimelist.net/images/anime/1455/146229.jpg
                                    [small_image_url] => https://cdn.myanimelist.net/images/anime/1455/146229t.jpg
                                    [large_image_url] => https://cdn.myanimelist.net/images/anime/1455/146229l.jpg
                                )

                            [webp] => Array
                                (
                                    [image_url] => https://cdn.myanimelist.net/images/anime/1455/146229.webp
                                    [small_image_url] => https://cdn.myanimelist.net/images/anime/1455/146229t.webp
                                    [large_image_url] => https://cdn.myanimelist.net/images/anime/1455/146229l.webp
                                )

                        )

                    [trailer] => Array
                        (
                            [youtube_id] => 
                            [url] => 
                            [embed_url] => https://www.youtube-nocookie.com/embed/MewJ5bEM-5U?enablejsapi=1&wmode=opaque&autoplay=1
                            [images] => Array
                                (
                                    [image_url] => 
                                    [small_image_url] => 
                                    [medium_image_url] => 
                                    [large_image_url] => 
                                    [maximum_image_url] => 
                                )

                        )

                    [approved] => 1
                    [titles] => Array
                        (
                            [0] => Array
                                (
                                    [type] => Default
                                    [title] => One Piece Fan Letter
                                )

                            [1] => Array
                                (
                                    [type] => Japanese
                                    [title] => ONE PIECE FAN LETTER
                                )

                        )

                    [title] => One Piece Fan Letter
                    [title_english] => 
                    [title_japanese] => ONE PIECE FAN LETTER
                    [title_synonyms] => Array
                        (
                        )

                    [type] => TV Special
                    [source] => Light novel
                    [episodes] => 1
                    [status] => Finished Airing
                    [airing] => 
                    [aired] => Array
                        (
                            [from] => 2024-10-20T00:00:00+00:00
                            [to] => 
                            [prop] => Array
                                (
                                    [from] => Array
                                        (
                                            [day] => 20
                                            [month] => 10
                                            [year] => 2024
                                        )

                                    [to] => Array
                                        (
                                            [day] => 
                                            [month] => 
                                            [year] => 
                                        )

                                )

                            [string] => Oct 20, 2024
                        )

                    [duration] => 24 min
                    [rating] => PG-13 - Teens 13 or older
                    [score] => 9.01
                    [scored_by] => 113460
                    [rank] => 13
                    [popularity] => 1706
                    [members] => 158015
                    [favorites] => 2606
                    [synopsis] => Although the golden age of piracy is about to reach new heights, most people do not seek the glory of finding the elusive One Piece—a treasure signifying a new conqueror of all seas that was once embodied by the legendary King of the Pirates, Gol D. Roger. However, even if civilians generally despise pirates, they secretly cheer for at least one of them. 

One red-headed girl from Sabaody Archipelago is no exception: She reveres Nami, the ingenious female navigator of Monkey D. Luffy's Straw Hat crew. Determined to deliver a fan letter to her idol, the Sabaody child is prepared to challenge forces of authority who strive to prevent Luffy and his friends from departing for their next destination: the New World. But to succeed, Nami's fan may need to risk her life and interfere with the Marines' plans, potentially causing devastating consequences for the wider world.

[Written by MAL Rewrite]
                    [background] => This work serves to commemorate the 25th anniversary of the One Piece anime.
                    [season] => 
                    [year] => 
                    [broadcast] => Array
                        (
                            [day] => 
                            [time] => 
                            [timezone] => 
                            [string] => 
                        )

                    [producers] => Array
                        (
                        )

                    [licensors] => Array
                        (
                        )

                    [studios] => Array
                        (
                            [0] => Array
                                (
                                    [mal_id] => 18
                                    [type] => anime
                                    [name] => Toei Animation
                                    [url] => https://myanimelist.net/anime/producer/18/Toei_Animation
                                )

                        )

                    [genres] => Array
                        (
                            [0] => Array
                                (
                                    [mal_id] => 1
                                    [type] => anime
                                    [name] => Action
                                    [url] => https://myanimelist.net/anime/genre/1/Action
                                )

                            [1] => Array
                                (
                                    [mal_id] => 2
                                    [type] => anime
                                    [name] => Adventure
                                    [url] => https://myanimelist.net/anime/genre/2/Adventure
                                )

                            [2] => Array
                                (
                                    [mal_id] => 10
                                    [type] => anime
                                    [name] => Fantasy
                                    [url] => https://myanimelist.net/anime/genre/10/Fantasy
                                )

                        )

                    [explicit_genres] => Array
                        (
                        )

                    [themes] => Array
                        (
                        )

                    [demographics] => Array
                        (
                            [0] => Array
                                (
                                    [mal_id] => 27
                                    [type] => anime
                                    [name] => Shounen
                                    [url] => https://myanimelist.net/anime/genre/27/Shounen
                                )

                        )

                )

            [14] => Array
                (
                    [mal_id] => 34096
                    [url] => https://myanimelist.net/anime/34096/Gintama
                    [images] => Array
                        (
                            [jpg] => Array
                                (
                                    [image_url] => https://cdn.myanimelist.net/images/anime/3/83528.jpg
                                    [small_image_url] => https://cdn.myanimelist.net/images/anime/3/83528t.jpg
                                    [large_image_url] => https://cdn.myanimelist.net/images/anime/3/83528l.jpg
                                )

                            [webp] => Array
                                (
                                    [image_url] => https://cdn.myanimelist.net/images/anime/3/83528.webp
                                    [small_image_url] => https://cdn.myanimelist.net/images/anime/3/83528t.webp
                                    [large_image_url] => https://cdn.myanimelist.net/images/anime/3/83528l.webp
                                )

                        )

                    [trailer] => Array
                        (
                            [youtube_id] => 
                            [url] => 
                            [embed_url] => https://www.youtube-nocookie.com/embed/LOdAAEJiebM?enablejsapi=1&wmode=opaque&autoplay=1
                            [images] => Array
                                (
                                    [image_url] => 
                                    [small_image_url] => 
                                    [medium_image_url] => 
                                    [large_image_url] => 
                                    [maximum_image_url] => 
                                )

                        )

                    [approved] => 1
                    [titles] => Array
                        (
                            [0] => Array
                                (
                                    [type] => Default
                                    [title] => Gintama.
                                )

                            [1] => Array
                                (
                                    [type] => Synonym
                                    [title] => Gintama (2017)
                                )

                            [2] => Array
                                (
                                    [type] => Japanese
                                    [title] => 銀魂。
                                )

                            [3] => Array
                                (
                                    [type] => English
                                    [title] => Gintama Season 5
                                )

                        )

                    [title] => Gintama.
                    [title_english] => Gintama Season 5
                    [title_japanese] => 銀魂。
                    [title_synonyms] => Array
                        (
                            [0] => Gintama (2017)
                        )

                    [type] => TV
                    [source] => Manga
                    [episodes] => 12
                    [status] => Finished Airing
                    [airing] => 
                    [aired] => Array
                        (
                            [from] => 2017-01-09T00:00:00+00:00
                            [to] => 2017-03-27T00:00:00+00:00
                            [prop] => Array
                                (
                                    [from] => Array
                                        (
                                            [day] => 9
                                            [month] => 1
                                            [year] => 2017
                                        )

                                    [to] => Array
                                        (
                                            [day] => 27
                                            [month] => 3
                                            [year] => 2017
                                        )

                                )

                            [string] => Jan 9, 2017 to Mar 27, 2017
                        )

                    [duration] => 24 min per ep
                    [rating] => PG-13 - Teens 13 or older
                    [score] => 8.98
                    [scored_by] => 160634
                    [rank] => 16
                    [popularity] => 792
                    [members] => 349978
                    [favorites] => 2850
                    [synopsis] => After joining the resistance against the bakufu, Gintoki and the gang are in hiding, along with Katsura and his Joui rebels. The Yorozuya is soon approached by Nobume Imai and two members of the Kiheitai, who explain that the Harusame pirates have turned against 7th Division Captain Kamui and their former ally Takasugi. The Kiheitai present Gintoki with a job: find Takasugi, who has been missing since his ship was ambushed in a Harusame raid. Nobume also makes a stunning revelation regarding the Tendoushuu, a secret organization pulling the strings of numerous factions, and their leader Utsuro, the shadowy figure with an uncanny resemblance to Gintoki's former teacher.

Hitching a ride on Sakamoto's space ship, the Yorozuya and Katsura set out for Rakuyou, Kagura's home planet, where the various factions have gathered and tensions are brewing. Long-held grudges, political infighting, and the Tendoushuu's sinister overarching plan finally culminate into a massive, decisive battle on Rakuyou.

[Written by MAL Rewrite]
                    [background] => 
                    [season] => winter
                    [year] => 2017
                    [broadcast] => Array
                        (
                            [day] => Mondays
                            [time] => 01:35
                            [timezone] => Asia/Tokyo
                            [string] => Mondays at 01:35 (JST)
                        )

                    [producers] => Array
                        (
                            [0] => Array
                                (
                                    [mal_id] => 16
                                    [type] => anime
                                    [name] => TV Tokyo
                                    [url] => https://myanimelist.net/anime/producer/16/TV_Tokyo
                                )

                            [1] => Array
                                (
                                    [mal_id] => 17
                                    [type] => anime
                                    [name] => Aniplex
                                    [url] => https://myanimelist.net/anime/producer/17/Aniplex
                                )

                            [2] => Array
                                (
                                    [mal_id] => 53
                                    [type] => anime
                                    [name] => Dentsu
                                    [url] => https://myanimelist.net/anime/producer/53/Dentsu
                                )

                            [3] => Array
                                (
                                    [mal_id] => 1365
                                    [type] => anime
                                    [name] => Shueisha
                                    [url] => https://myanimelist.net/anime/producer/1365/Shueisha
                                )

                        )

                    [licensors] => Array
                        (
                        )

                    [studios] => Array
                        (
                            [0] => Array
                                (
                                    [mal_id] => 1258
                                    [type] => anime
                                    [name] => Bandai Namco Pictures
                                    [url] => https://myanimelist.net/anime/producer/1258/Bandai_Namco_Pictures
                                )

                        )

                    [genres] => Array
                        (
                            [0] => Array
                                (
                                    [mal_id] => 1
                                    [type] => anime
                                    [name] => Action
                                    [url] => https://myanimelist.net/anime/genre/1/Action
                                )

                            [1] => Array
                                (
                                    [mal_id] => 4
                                    [type] => anime
                                    [name] => Comedy
                                    [url] => https://myanimelist.net/anime/genre/4/Comedy
                                )

                            [2] => Array
                                (
                                    [mal_id] => 24
                                    [type] => anime
                                    [name] => Sci-Fi
                                    [url] => https://myanimelist.net/anime/genre/24/Sci-Fi
                                )

                        )

                    [explicit_genres] => Array
                        (
                        )

                    [themes] => Array
                        (
                            [0] => Array
                                (
                                    [mal_id] => 57
                                    [type] => anime
                                    [name] => Gag Humor
                                    [url] => https://myanimelist.net/anime/genre/57/Gag_Humor
                                )

                            [1] => Array
                                (
                                    [mal_id] => 13
                                    [type] => anime
                                    [name] => Historical
                                    [url] => https://myanimelist.net/anime/genre/13/Historical
                                )

                            [2] => Array
                                (
                                    [mal_id] => 20
                                    [type] => anime
                                    [name] => Parody
                                    [url] => https://myanimelist.net/anime/genre/20/Parody
                                )

                            [3] => Array
                                (
                                    [mal_id] => 21
                                    [type] => anime
                                    [name] => Samurai
                                    [url] => https://myanimelist.net/anime/genre/21/Samurai
                                )

                        )

                    [demographics] => Array
                        (
                            [0] => Array
                                (
                                    [mal_id] => 27
                                    [type] => anime
                                    [name] => Shounen
                                    [url] => https://myanimelist.net/anime/genre/27/Shounen
                                )

                        )

                )

            [15] => Array
                (
                    [mal_id] => 41467
                    [url] => https://myanimelist.net/anime/41467/Bleach__Sennen_Kessen-hen
                    [images] => Array
                        (
                            [jpg] => Array
                                (
                                    [image_url] => https://cdn.myanimelist.net/images/anime/1908/135431.jpg
                                    [small_image_url] => https://cdn.myanimelist.net/images/anime/1908/135431t.jpg
                                    [large_image_url] => https://cdn.myanimelist.net/images/anime/1908/135431l.jpg
                                )

                            [webp] => Array
                                (
                                    [image_url] => https://cdn.myanimelist.net/images/anime/1908/135431.webp
                                    [small_image_url] => https://cdn.myanimelist.net/images/anime/1908/135431t.webp
                                    [large_image_url] => https://cdn.myanimelist.net/images/anime/1908/135431l.webp
                                )

                        )

                    [trailer] => Array
                        (
                            [youtube_id] => 
                            [url] => 
                            [embed_url] => https://www.youtube-nocookie.com/embed/e8YBesRKq_U?enablejsapi=1&wmode=opaque&autoplay=1
                            [images] => Array
                                (
                                    [image_url] => 
                                    [small_image_url] => 
                                    [medium_image_url] => 
                                    [large_image_url] => 
                                    [maximum_image_url] => 
                                )

                        )

                    [approved] => 1
                    [titles] => Array
                        (
                            [0] => Array
                                (
                                    [type] => Default
                                    [title] => Bleach: Sennen Kessen-hen
                                )

                            [1] => Array
                                (
                                    [type] => Synonym
                                    [title] => Bleach: Thousand-Year Blood War Arc
                                )

                            [2] => Array
                                (
                                    [type] => Japanese
                                    [title] => BLEACH 千年血戦篇
                                )

                            [3] => Array
                                (
                                    [type] => English
                                    [title] => Bleach: Thousand-Year Blood War
                                )

                        )

                    [title] => Bleach: Sennen Kessen-hen
                    [title_english] => Bleach: Thousand-Year Blood War
                    [title_japanese] => BLEACH 千年血戦篇
                    [title_synonyms] => Array
                        (
                            [0] => Bleach: Thousand-Year Blood War Arc
                        )

                    [type] => TV
                    [source] => Manga
                    [episodes] => 13
                    [status] => Finished Airing
                    [airing] => 
                    [aired] => Array
                        (
                            [from] => 2022-10-11T00:00:00+00:00
                            [to] => 2022-12-27T00:00:00+00:00
                            [prop] => Array
                                (
                                    [from] => Array
                                        (
                                            [day] => 11
                                            [month] => 10
                                            [year] => 2022
                                        )

                                    [to] => Array
                                        (
                                            [day] => 27
                                            [month] => 12
                                            [year] => 2022
                                        )

                                )

                            [string] => Oct 11, 2022 to Dec 27, 2022
                        )

                    [duration] => 24 min per ep
                    [rating] => R - 17+ (violence & profanity)
                    [score] => 8.98
                    [scored_by] => 385021
                    [rank] => 15
                    [popularity] => 335
                    [members] => 711557
                    [favorites] => 23294
                    [synopsis] => Substitute Soul Reaper Ichigo Kurosaki spends his days fighting against Hollows, dangerous evil spirits that threaten Karakura Town. Ichigo carries out his quest with his closest allies: Orihime Inoue, his childhood friend with a talent for healing; Yasutora Sado, his high school classmate with superhuman strength; and Uryuu Ishida, Ichigo's Quincy rival.

Ichigo's vigilante routine is disrupted by the sudden appearance of Asguiaro Ebern, a dangerous Arrancar who heralds the return of Yhwach, an ancient Quincy king. Yhwach seeks to reignite the historic blood feud between Soul Reaper and Quincy, and he sets his sights on erasing both the human world and the Soul Society for good.

Yhwach launches a two-pronged invasion into both the Soul Society and Hueco Mundo, the home of Hollows and Arrancar. In retaliation, Ichigo and his friends must fight alongside old allies and enemies alike to end Yhwach's campaign of carnage before the world itself comes to an end.

[Written by MAL Rewrite]
                    [background] => Bleach: Sennen Kessen-hen adapts volume 55 to volume 61 of the original manga. It was released on Blu-ray on April 26, 2023.
                    [season] => fall
                    [year] => 2022
                    [broadcast] => Array
                        (
                            [day] => Tuesdays
                            [time] => 00:00
                            [timezone] => Asia/Tokyo
                            [string] => Tuesdays at 00:00 (JST)
                        )

                    [producers] => Array
                        (
                            [0] => Array
                                (
                                    [mal_id] => 16
                                    [type] => anime
                                    [name] => TV Tokyo
                                    [url] => https://myanimelist.net/anime/producer/16/TV_Tokyo
                                )

                            [1] => Array
                                (
                                    [mal_id] => 17
                                    [type] => anime
                                    [name] => Aniplex
                                    [url] => https://myanimelist.net/anime/producer/17/Aniplex
                                )

                            [2] => Array
                                (
                                    [mal_id] => 53
                                    [type] => anime
                                    [name] => Dentsu
                                    [url] => https://myanimelist.net/anime/producer/53/Dentsu
                                )

                            [3] => Array
                                (
                                    [mal_id] => 1365
                                    [type] => anime
                                    [name] => Shueisha
                                    [url] => https://myanimelist.net/anime/producer/1365/Shueisha
                                )

                        )

                    [licensors] => Array
                        (
                            [0] => Array
                                (
                                    [mal_id] => 119
                                    [type] => anime
                                    [name] => VIZ Media
                                    [url] => https://myanimelist.net/anime/producer/119/VIZ_Media
                                )

                        )

                    [studios] => Array
                        (
                            [0] => Array
                                (
                                    [mal_id] => 1
                                    [type] => anime
                                    [name] => Studio Pierrot
                                    [url] => https://myanimelist.net/anime/producer/1/Studio_Pierrot
                                )

                        )

                    [genres] => Array
                        (
                            [0] => Array
                                (
                                    [mal_id] => 1
                                    [type] => anime
                                    [name] => Action
                                    [url] => https://myanimelist.net/anime/genre/1/Action
                                )

                            [1] => Array
                                (
                                    [mal_id] => 2
                                    [type] => anime
                                    [name] => Adventure
                                    [url] => https://myanimelist.net/anime/genre/2/Adventure
                                )

                            [2] => Array
                                (
                                    [mal_id] => 37
                                    [type] => anime
                                    [name] => Supernatural
                                    [url] => https://myanimelist.net/anime/genre/37/Supernatural
                                )

                        )

                    [explicit_genres] => Array
                        (
                        )

                    [themes] => Array
                        (
                        )

                    [demographics] => Array
                        (
                            [0] => Array
                                (
                                    [mal_id] => 27
                                    [type] => anime
                                    [name] => Shounen
                                    [url] => https://myanimelist.net/anime/genre/27/Shounen
                                )

                        )

                )

            [16] => Array
                (
                    [mal_id] => 43608
                    [url] => https://myanimelist.net/anime/43608/Kaguya-sama_wa_Kokurasetai__Ultra_Romantic
                    [images] => Array
                        (
                            [jpg] => Array
                                (
                                    [image_url] => https://cdn.myanimelist.net/images/anime/1160/122627.jpg
                                    [small_image_url] => https://cdn.myanimelist.net/images/anime/1160/122627t.jpg
                                    [large_image_url] => https://cdn.myanimelist.net/images/anime/1160/122627l.jpg
                                )

                            [webp] => Array
                                (
                                    [image_url] => https://cdn.myanimelist.net/images/anime/1160/122627.webp
                                    [small_image_url] => https://cdn.myanimelist.net/images/anime/1160/122627t.webp
                                    [large_image_url] => https://cdn.myanimelist.net/images/anime/1160/122627l.webp
                                )

                        )

                    [trailer] => Array
                        (
                            [youtube_id] => 
                            [url] => 
                            [embed_url] => https://www.youtube-nocookie.com/embed/b4tGGzQve3M?enablejsapi=1&wmode=opaque&autoplay=1
                            [images] => Array
                                (
                                    [image_url] => 
                                    [small_image_url] => 
                                    [medium_image_url] => 
                                    [large_image_url] => 
                                    [maximum_image_url] => 
                                )

                        )

                    [approved] => 1
                    [titles] => Array
                        (
                            [0] => Array
                                (
                                    [type] => Default
                                    [title] => Kaguya-sama wa Kokurasetai: Ultra Romantic
                                )

                            [1] => Array
                                (
                                    [type] => Synonym
                                    [title] => Kaguya-sama wa Kokurasetai: Tensai-tachi no Renai Zunousen 3rd Season
                                )

                            [2] => Array
                                (
                                    [type] => Synonym
                                    [title] => Kaguya-sama: Love is War Season 3rd Season
                                )

                            [3] => Array
                                (
                                    [type] => Japanese
                                    [title] => かぐや様は告らせたい-ウルトラロマンティック-
                                )

                            [4] => Array
                                (
                                    [type] => English
                                    [title] => Kaguya-sama: Love is War -Ultra Romantic-
                                )

                        )

                    [title] => Kaguya-sama wa Kokurasetai: Ultra Romantic
                    [title_english] => Kaguya-sama: Love is War -Ultra Romantic-
                    [title_japanese] => かぐや様は告らせたい-ウルトラロマンティック-
                    [title_synonyms] => Array
                        (
                            [0] => Kaguya-sama wa Kokurasetai: Tensai-tachi no Renai Zunousen 3rd Season
                            [1] => Kaguya-sama: Love is War Season 3rd Season
                        )

                    [type] => TV
                    [source] => Manga
                    [episodes] => 13
                    [status] => Finished Airing
                    [airing] => 
                    [aired] => Array
                        (
                            [from] => 2022-04-09T00:00:00+00:00
                            [to] => 2022-06-25T00:00:00+00:00
                            [prop] => Array
                                (
                                    [from] => Array
                                        (
                                            [day] => 9
                                            [month] => 4
                                            [year] => 2022
                                        )

                                    [to] => Array
                                        (
                                            [day] => 25
                                            [month] => 6
                                            [year] => 2022
                                        )

                                )

                            [string] => Apr 9, 2022 to Jun 25, 2022
                        )

                    [duration] => 23 min per ep
                    [rating] => PG-13 - Teens 13 or older
                    [score] => 8.95
                    [scored_by] => 639618
                    [rank] => 17
                    [popularity] => 164
                    [members] => 1118490
                    [favorites] => 33281
                    [synopsis] => The elite members of Shuchiin Academy's student council continue their competitive day-to-day antics. Council president Miyuki Shirogane clashes daily against vice-president Kaguya Shinomiya, each fighting tooth and nail to trick the other into confessing their romantic love. Kaguya struggles within the strict confines of her wealthy, uptight family, rebelling against her cold default demeanor as she warms to Shirogane and the rest of her friends.

Meanwhile, council treasurer Yuu Ishigami suffers under the weight of his hopeless crush on Tsubame Koyasu, a popular upperclassman who helps to instill a new confidence in him. Miko Iino, the newest student council member, grows closer to the rule-breaking Ishigami while striving to overcome her own authoritarian moral code.

As love further blooms at Shuchiin Academy, the student council officers drag their outsider friends into increasingly comedic conflicts.

[Written by MAL Rewrite]
                    [background] => 
                    [season] => spring
                    [year] => 2022
                    [broadcast] => Array
                        (
                            [day] => Saturdays
                            [time] => 00:00
                            [timezone] => Asia/Tokyo
                            [string] => Saturdays at 00:00 (JST)
                        )

                    [producers] => Array
                        (
                            [0] => Array
                                (
                                    [mal_id] => 17
                                    [type] => anime
                                    [name] => Aniplex
                                    [url] => https://myanimelist.net/anime/producer/17/Aniplex
                                )

                            [1] => Array
                                (
                                    [mal_id] => 143
                                    [type] => anime
                                    [name] => Mainichi Broadcasting System
                                    [url] => https://myanimelist.net/anime/producer/143/Mainichi_Broadcasting_System
                                )

                            [2] => Array
                                (
                                    [mal_id] => 306
                                    [type] => anime
                                    [name] => Magic Capsule
                                    [url] => https://myanimelist.net/anime/producer/306/Magic_Capsule
                                )

                            [3] => Array
                                (
                                    [mal_id] => 1365
                                    [type] => anime
                                    [name] => Shueisha
                                    [url] => https://myanimelist.net/anime/producer/1365/Shueisha
                                )

                            [4] => Array
                                (
                                    [mal_id] => 1501
                                    [type] => anime
                                    [name] => JR East Marketing & Communications
                                    [url] => https://myanimelist.net/anime/producer/1501/JR_East_Marketing___Communications
                                )

                        )

                    [licensors] => Array
                        (
                            [0] => Array
                                (
                                    [mal_id] => 493
                                    [type] => anime
                                    [name] => Aniplex of America
                                    [url] => https://myanimelist.net/anime/producer/493/Aniplex_of_America
                                )

                        )

                    [studios] => Array
                        (
                            [0] => Array
                                (
                                    [mal_id] => 56
                                    [type] => anime
                                    [name] => A-1 Pictures
                                    [url] => https://myanimelist.net/anime/producer/56/A-1_Pictures
                                )

                        )

                    [genres] => Array
                        (
                            [0] => Array
                                (
                                    [mal_id] => 4
                                    [type] => anime
                                    [name] => Comedy
                                    [url] => https://myanimelist.net/anime/genre/4/Comedy
                                )

                            [1] => Array
                                (
                                    [mal_id] => 22
                                    [type] => anime
                                    [name] => Romance
                                    [url] => https://myanimelist.net/anime/genre/22/Romance
                                )

                        )

                    [explicit_genres] => Array
                        (
                        )

                    [themes] => Array
                        (
                            [0] => Array
                                (
                                    [mal_id] => 23
                                    [type] => anime
                                    [name] => School
                                    [url] => https://myanimelist.net/anime/genre/23/School
                                )

                        )

                    [demographics] => Array
                        (
                            [0] => Array
                                (
                                    [mal_id] => 42
                                    [type] => anime
                                    [name] => Seinen
                                    [url] => https://myanimelist.net/anime/genre/42/Seinen
                                )

                        )

                )

            [17] => Array
                (
                    [mal_id] => 42938
                    [url] => https://myanimelist.net/anime/42938/Fruits_Basket__The_Final
                    [images] => Array
                        (
                            [jpg] => Array
                                (
                                    [image_url] => https://cdn.myanimelist.net/images/anime/1085/114792.jpg
                                    [small_image_url] => https://cdn.myanimelist.net/images/anime/1085/114792t.jpg
                                    [large_image_url] => https://cdn.myanimelist.net/images/anime/1085/114792l.jpg
                                )

                            [webp] => Array
                                (
                                    [image_url] => https://cdn.myanimelist.net/images/anime/1085/114792.webp
                                    [small_image_url] => https://cdn.myanimelist.net/images/anime/1085/114792t.webp
                                    [large_image_url] => https://cdn.myanimelist.net/images/anime/1085/114792l.webp
                                )

                        )

                    [trailer] => Array
                        (
                            [youtube_id] => 
                            [url] => 
                            [embed_url] => https://www.youtube-nocookie.com/embed/Ip8Btv2t_6c?enablejsapi=1&wmode=opaque&autoplay=1
                            [images] => Array
                                (
                                    [image_url] => 
                                    [small_image_url] => 
                                    [medium_image_url] => 
                                    [large_image_url] => 
                                    [maximum_image_url] => 
                                )

                        )

                    [approved] => 1
                    [titles] => Array
                        (
                            [0] => Array
                                (
                                    [type] => Default
                                    [title] => Fruits Basket: The Final
                                )

                            [1] => Array
                                (
                                    [type] => Synonym
                                    [title] => Fruits Basket 3rd Season
                                )

                            [2] => Array
                                (
                                    [type] => Synonym
                                    [title] => Fruits Basket (2019) 3rd Season
                                )

                            [3] => Array
                                (
                                    [type] => Synonym
                                    [title] => Furuba
                                )

                            [4] => Array
                                (
                                    [type] => Japanese
                                    [title] => フルーツバスケット The Final
                                )

                            [5] => Array
                                (
                                    [type] => English
                                    [title] => Fruits Basket: The Final Season
                                )

                            [6] => Array
                                (
                                    [type] => German
                                    [title] => Fruits Basket Staffel 3
                                )

                            [7] => Array
                                (
                                    [type] => Spanish
                                    [title] => Fruits Basket: The Final Season
                                )

                            [8] => Array
                                (
                                    [type] => French
                                    [title] => Fruits Basket Saison 3
                                )

                        )

                    [title] => Fruits Basket: The Final
                    [title_english] => Fruits Basket: The Final Season
                    [title_japanese] => フルーツバスケット The Final
                    [title_synonyms] => Array
                        (
                            [0] => Fruits Basket 3rd Season
                            [1] => Fruits Basket (2019) 3rd Season
                            [2] => Furuba
                        )

                    [type] => TV
                    [source] => Manga
                    [episodes] => 13
                    [status] => Finished Airing
                    [airing] => 
                    [aired] => Array
                        (
                            [from] => 2021-04-06T00:00:00+00:00
                            [to] => 2021-06-29T00:00:00+00:00
                            [prop] => Array
                                (
                                    [from] => Array
                                        (
                                            [day] => 6
                                            [month] => 4
                                            [year] => 2021
                                        )

                                    [to] => Array
                                        (
                                            [day] => 29
                                            [month] => 6
                                            [year] => 2021
                                        )

                                )

                            [string] => Apr 6, 2021 to Jun 29, 2021
                        )

                    [duration] => 23 min per ep
                    [rating] => PG-13 - Teens 13 or older
                    [score] => 8.93
                    [scored_by] => 281689
                    [rank] => 19
                    [popularity] => 442
                    [members] => 566083
                    [favorites] => 21419
                    [synopsis] => Hundreds of years ago, the Chinese zodiac spirits and their god swore to stay together eternally. United by this promise, the possessed members of the Souma family shall always return to each other under any circumstances. Yet, when these bonds shackle them from freedom, it becomes an undesirable burden—a curse. As head of the clan, Akito is convinced that he shares a special connection with the other Soumas. While he desperately clings to this fantasy, the rest of the family remains isolated and suppressed by the fear of punishment.

Tooru Honda, who has grown attached to the Soumas, is determined to break the chains that bind them. Her companionship with the family and her friends encourages her to move forward with lifting the curse. However, due to confounding revelations, she struggles to find the tenacity to continue her endeavors. With time slowly withering away, Tooru contends with an uncertain future in hopes of reaching the tranquility that may lie beyond all this commotion.

[Written by MAL Rewrite]
                    [background] => 
                    [season] => spring
                    [year] => 2021
                    [broadcast] => Array
                        (
                            [day] => Tuesdays
                            [time] => 01:30
                            [timezone] => Asia/Tokyo
                            [string] => Tuesdays at 01:30 (JST)
                        )

                    [producers] => Array
                        (
                            [0] => Array
                                (
                                    [mal_id] => 16
                                    [type] => anime
                                    [name] => TV Tokyo
                                    [url] => https://myanimelist.net/anime/producer/16/TV_Tokyo
                                )

                            [1] => Array
                                (
                                    [mal_id] => 100
                                    [type] => anime
                                    [name] => TV Osaka
                                    [url] => https://myanimelist.net/anime/producer/100/TV_Osaka
                                )

                            [2] => Array
                                (
                                    [mal_id] => 139
                                    [type] => anime
                                    [name] => Nihon Ad Systems
                                    [url] => https://myanimelist.net/anime/producer/139/Nihon_Ad_Systems
                                )

                            [3] => Array
                                (
                                    [mal_id] => 148
                                    [type] => anime
                                    [name] => Hakusensha
                                    [url] => https://myanimelist.net/anime/producer/148/Hakusensha
                                )

                            [4] => Array
                                (
                                    [mal_id] => 1284
                                    [type] => anime
                                    [name] => Avex Pictures
                                    [url] => https://myanimelist.net/anime/producer/1284/Avex_Pictures
                                )

                            [5] => Array
                                (
                                    [mal_id] => 2174
                                    [type] => anime
                                    [name] => TMS Music
                                    [url] => https://myanimelist.net/anime/producer/2174/TMS_Music
                                )

                            [6] => Array
                                (
                                    [mal_id] => 2495
                                    [type] => anime
                                    [name] => 8PAN
                                    [url] => https://myanimelist.net/anime/producer/2495/8PAN
                                )

                        )

                    [licensors] => Array
                        (
                            [0] => Array
                                (
                                    [mal_id] => 102
                                    [type] => anime
                                    [name] => Funimation
                                    [url] => https://myanimelist.net/anime/producer/102/Funimation
                                )

                        )

                    [studios] => Array
                        (
                            [0] => Array
                                (
                                    [mal_id] => 73
                                    [type] => anime
                                    [name] => TMS Entertainment
                                    [url] => https://myanimelist.net/anime/producer/73/TMS_Entertainment
                                )

                        )

                    [genres] => Array
                        (
                            [0] => Array
                                (
                                    [mal_id] => 8
                                    [type] => anime
                                    [name] => Drama
                                    [url] => https://myanimelist.net/anime/genre/8/Drama
                                )

                            [1] => Array
                                (
                                    [mal_id] => 22
                                    [type] => anime
                                    [name] => Romance
                                    [url] => https://myanimelist.net/anime/genre/22/Romance
                                )

                            [2] => Array
                                (
                                    [mal_id] => 37
                                    [type] => anime
                                    [name] => Supernatural
                                    [url] => https://myanimelist.net/anime/genre/37/Supernatural
                                )

                        )

                    [explicit_genres] => Array
                        (
                        )

                    [themes] => Array
                        (
                        )

                    [demographics] => Array
                        (
                            [0] => Array
                                (
                                    [mal_id] => 25
                                    [type] => anime
                                    [name] => Shoujo
                                    [url] => https://myanimelist.net/anime/genre/25/Shoujo
                                )

                        )

                )

            [18] => Array
                (
                    [mal_id] => 4181
                    [url] => https://myanimelist.net/anime/4181/Clannad__After_Story
                    [images] => Array
                        (
                            [jpg] => Array
                                (
                                    [image_url] => https://cdn.myanimelist.net/images/anime/1299/110774.jpg
                                    [small_image_url] => https://cdn.myanimelist.net/images/anime/1299/110774t.jpg
                                    [large_image_url] => https://cdn.myanimelist.net/images/anime/1299/110774l.jpg
                                )

                            [webp] => Array
                                (
                                    [image_url] => https://cdn.myanimelist.net/images/anime/1299/110774.webp
                                    [small_image_url] => https://cdn.myanimelist.net/images/anime/1299/110774t.webp
                                    [large_image_url] => https://cdn.myanimelist.net/images/anime/1299/110774l.webp
                                )

                        )

                    [trailer] => Array
                        (
                            [youtube_id] => 
                            [url] => 
                            [embed_url] => https://www.youtube-nocookie.com/embed/WiTwXIAcm5Q?enablejsapi=1&wmode=opaque&autoplay=1
                            [images] => Array
                                (
                                    [image_url] => 
                                    [small_image_url] => 
                                    [medium_image_url] => 
                                    [large_image_url] => 
                                    [maximum_image_url] => 
                                )

                        )

                    [approved] => 1
                    [titles] => Array
                        (
                            [0] => Array
                                (
                                    [type] => Default
                                    [title] => Clannad: After Story
                                )

                            [1] => Array
                                (
                                    [type] => Japanese
                                    [title] => CLANNAD〜AFTER STORY〜 クラナド アフターストーリー
                                )

                            [2] => Array
                                (
                                    [type] => English
                                    [title] => Clannad: After Story
                                )

                            [3] => Array
                                (
                                    [type] => German
                                    [title] => Clannad ~After Story~
                                )

                            [4] => Array
                                (
                                    [type] => Spanish
                                    [title] => Clannad ~After Story~
                                )

                            [5] => Array
                                (
                                    [type] => French
                                    [title] => Clannad ~After Story~
                                )

                        )

                    [title] => Clannad: After Story
                    [title_english] => Clannad: After Story
                    [title_japanese] => CLANNAD〜AFTER STORY〜 クラナド アフターストーリー
                    [title_synonyms] => Array
                        (
                        )

                    [type] => TV
                    [source] => Visual novel
                    [episodes] => 24
                    [status] => Finished Airing
                    [airing] => 
                    [aired] => Array
                        (
                            [from] => 2008-10-03T00:00:00+00:00
                            [to] => 2009-03-27T00:00:00+00:00
                            [prop] => Array
                                (
                                    [from] => Array
                                        (
                                            [day] => 3
                                            [month] => 10
                                            [year] => 2008
                                        )

                                    [to] => Array
                                        (
                                            [day] => 27
                                            [month] => 3
                                            [year] => 2009
                                        )

                                )

                            [string] => Oct 3, 2008 to Mar 27, 2009
                        )

                    [duration] => 24 min per ep
                    [rating] => PG-13 - Teens 13 or older
                    [score] => 8.93
                    [scored_by] => 701727
                    [rank] => 18
                    [popularity] => 124
                    [members] => 1289652
                    [favorites] => 74300
                    [synopsis] => Tomoya Okazaki and Nagisa Furukawa have graduated from high school, and together, they experience the emotional rollercoaster of growing up. Unable to decide on a course for his future, Tomoya learns the value of a strong work ethic and discovers the strength of Nagisa's support. Through the couple's dedication and unity of purpose, they push forward to confront their personal problems, deepen their old relationships, and create new bonds.

Time also moves on in the Illusionary World. As the plains grow cold with the approach of winter, the Illusionary Girl and the Garbage Doll are presented with a difficult situation that reveals the World's true purpose.

[Written by MAL Rewrite]
                    [background] => 
                    [season] => fall
                    [year] => 2008
                    [broadcast] => Array
                        (
                            [day] => Fridays
                            [time] => 01:59
                            [timezone] => Asia/Tokyo
                            [string] => Fridays at 01:59 (JST)
                        )

                    [producers] => Array
                        (
                            [0] => Array
                                (
                                    [mal_id] => 144
                                    [type] => anime
                                    [name] => Pony Canyon
                                    [url] => https://myanimelist.net/anime/producer/144/Pony_Canyon
                                )

                            [1] => Array
                                (
                                    [mal_id] => 145
                                    [type] => anime
                                    [name] => TBS
                                    [url] => https://myanimelist.net/anime/producer/145/TBS
                                )

                            [2] => Array
                                (
                                    [mal_id] => 211
                                    [type] => anime
                                    [name] => Rakuonsha
                                    [url] => https://myanimelist.net/anime/producer/211/Rakuonsha
                                )

                            [3] => Array
                                (
                                    [mal_id] => 929
                                    [type] => anime
                                    [name] => Animation Do
                                    [url] => https://myanimelist.net/anime/producer/929/Animation_Do
                                )

                        )

                    [licensors] => Array
                        (
                            [0] => Array
                                (
                                    [mal_id] => 376
                                    [type] => anime
                                    [name] => Sentai Filmworks
                                    [url] => https://myanimelist.net/anime/producer/376/Sentai_Filmworks
                                )

                        )

                    [studios] => Array
                        (
                            [0] => Array
                                (
                                    [mal_id] => 2
                                    [type] => anime
                                    [name] => Kyoto Animation
                                    [url] => https://myanimelist.net/anime/producer/2/Kyoto_Animation
                                )

                        )

                    [genres] => Array
                        (
                            [0] => Array
                                (
                                    [mal_id] => 8
                                    [type] => anime
                                    [name] => Drama
                                    [url] => https://myanimelist.net/anime/genre/8/Drama
                                )

                            [1] => Array
                                (
                                    [mal_id] => 22
                                    [type] => anime
                                    [name] => Romance
                                    [url] => https://myanimelist.net/anime/genre/22/Romance
                                )

                        )

                    [explicit_genres] => Array
                        (
                        )

                    [themes] => Array
                        (
                        )

                    [demographics] => Array
                        (
                        )

                )

            [19] => Array
                (
                    [mal_id] => 918
                    [url] => https://myanimelist.net/anime/918/Gintama
                    [images] => Array
                        (
                            [jpg] => Array
                                (
                                    [image_url] => https://cdn.myanimelist.net/images/anime/10/73274.jpg
                                    [small_image_url] => https://cdn.myanimelist.net/images/anime/10/73274t.jpg
                                    [large_image_url] => https://cdn.myanimelist.net/images/anime/10/73274l.jpg
                                )

                            [webp] => Array
                                (
                                    [image_url] => https://cdn.myanimelist.net/images/anime/10/73274.webp
                                    [small_image_url] => https://cdn.myanimelist.net/images/anime/10/73274t.webp
                                    [large_image_url] => https://cdn.myanimelist.net/images/anime/10/73274l.webp
                                )

                        )

                    [trailer] => Array
                        (
                            [youtube_id] => 
                            [url] => 
                            [embed_url] => 
                            [images] => Array
                                (
                                    [image_url] => 
                                    [small_image_url] => 
                                    [medium_image_url] => 
                                    [large_image_url] => 
                                    [maximum_image_url] => 
                                )

                        )

                    [approved] => 1
                    [titles] => Array
                        (
                            [0] => Array
                                (
                                    [type] => Default
                                    [title] => Gintama
                                )

                            [1] => Array
                                (
                                    [type] => Synonym
                                    [title] => Gin Tama
                                )

                            [2] => Array
                                (
                                    [type] => Synonym
                                    [title] => Silver Soul
                                )

                            [3] => Array
                                (
                                    [type] => Synonym
                                    [title] => Yorinuki Gintama-san
                                )

                            [4] => Array
                                (
                                    [type] => Japanese
                                    [title] => 銀魂
                                )

                            [5] => Array
                                (
                                    [type] => English
                                    [title] => Gintama
                                )

                        )

                    [title] => Gintama
                    [title_english] => Gintama
                    [title_japanese] => 銀魂
                    [title_synonyms] => Array
                        (
                            [0] => Gin Tama
                            [1] => Silver Soul
                            [2] => Yorinuki Gintama-san
                        )

                    [type] => TV
                    [source] => Manga
                    [episodes] => 201
                    [status] => Finished Airing
                    [airing] => 
                    [aired] => Array
                        (
                            [from] => 2006-04-04T00:00:00+00:00
                            [to] => 2010-03-25T00:00:00+00:00
                            [prop] => Array
                                (
                                    [from] => Array
                                        (
                                            [day] => 4
                                            [month] => 4
                                            [year] => 2006
                                        )

                                    [to] => Array
                                        (
                                            [day] => 25
                                            [month] => 3
                                            [year] => 2010
                                        )

                                )

                            [string] => Apr 4, 2006 to Mar 25, 2010
                        )

                    [duration] => 24 min per ep
                    [rating] => PG-13 - Teens 13 or older
                    [score] => 8.93
                    [scored_by] => 425465
                    [rank] => 20
                    [popularity] => 147
                    [members] => 1158490
                    [favorites] => 62099
                    [synopsis] => Edo is a city that was home to the vigor and ambition of samurai across the country. However, following feudal Japan's surrender to powerful aliens known as the "Amanto," those aspirations now seem unachievable. With the once-influential shogunate rebuilt as a puppet government, a new law is passed that promptly prohibits all swords in public. 

Enter Gintoki Sakata, an eccentric silver-haired man who always carries around a wooden sword and maintains his stature as a samurai despite the ban. As the founder of Yorozuya, a small business for odd jobs, Gintoki often embarks on endeavors to help other people—though usually in rather strange and unforeseen ways. 

Assisted by Shinpachi Shimura, a boy with glasses supposedly learning the way of the samurai; Kagura, a tomboyish girl with superhuman strength and an endless appetite; and Sadaharu, their giant pet dog who loves biting on people's heads, the Yorozuya encounter anything from alien royalty to scuffles with local gangs in the ever-changing world of Edo.

[Written by MAL Rewrite]
                    [background] => Gintama adapts chapters 1-292 of original manga. The series received high-definition reruns of older episodes by TV Tokyo from April 5, 2010, to March 28, 2011, under the name Yorinuki Gintama-san, which included 51 selected episodes as well as four new opening and ending songs.
                    [season] => spring
                    [year] => 2006
                    [broadcast] => Array
                        (
                            [day] => Thursdays
                            [time] => 18:00
                            [timezone] => Asia/Tokyo
                            [string] => Thursdays at 18:00 (JST)
                        )

                    [producers] => Array
                        (
                            [0] => Array
                                (
                                    [mal_id] => 16
                                    [type] => anime
                                    [name] => TV Tokyo
                                    [url] => https://myanimelist.net/anime/producer/16/TV_Tokyo
                                )

                            [1] => Array
                                (
                                    [mal_id] => 17
                                    [type] => anime
                                    [name] => Aniplex
                                    [url] => https://myanimelist.net/anime/producer/17/Aniplex
                                )

                            [2] => Array
                                (
                                    [mal_id] => 53
                                    [type] => anime
                                    [name] => Dentsu
                                    [url] => https://myanimelist.net/anime/producer/53/Dentsu
                                )

                            [3] => Array
                                (
                                    [mal_id] => 643
                                    [type] => anime
                                    [name] => Trinity Sound
                                    [url] => https://myanimelist.net/anime/producer/643/Trinity_Sound
                                )

                            [4] => Array
                                (
                                    [mal_id] => 763
                                    [type] => anime
                                    [name] => Miracle Robo
                                    [url] => https://myanimelist.net/anime/producer/763/Miracle_Robo
                                )

                            [5] => Array
                                (
                                    [mal_id] => 1365
                                    [type] => anime
                                    [name] => Shueisha
                                    [url] => https://myanimelist.net/anime/producer/1365/Shueisha
                                )

                        )

                    [licensors] => Array
                        (
                            [0] => Array
                                (
                                    [mal_id] => 376
                                    [type] => anime
                                    [name] => Sentai Filmworks
                                    [url] => https://myanimelist.net/anime/producer/376/Sentai_Filmworks
                                )

                            [1] => Array
                                (
                                    [mal_id] => 1468
                                    [type] => anime
                                    [name] => Crunchyroll
                                    [url] => https://myanimelist.net/anime/producer/1468/Crunchyroll
                                )

                        )

                    [studios] => Array
                        (
                            [0] => Array
                                (
                                    [mal_id] => 14
                                    [type] => anime
                                    [name] => Sunrise
                                    [url] => https://myanimelist.net/anime/producer/14/Sunrise
                                )

                        )

                    [genres] => Array
                        (
                            [0] => Array
                                (
                                    [mal_id] => 1
                                    [type] => anime
                                    [name] => Action
                                    [url] => https://myanimelist.net/anime/genre/1/Action
                                )

                            [1] => Array
                                (
                                    [mal_id] => 4
                                    [type] => anime
                                    [name] => Comedy
                                    [url] => https://myanimelist.net/anime/genre/4/Comedy
                                )

                            [2] => Array
                                (
                                    [mal_id] => 24
                                    [type] => anime
                                    [name] => Sci-Fi
                                    [url] => https://myanimelist.net/anime/genre/24/Sci-Fi
                                )

                        )

                    [explicit_genres] => Array
                        (
                        )

                    [themes] => Array
                        (
                            [0] => Array
                                (
                                    [mal_id] => 57
                                    [type] => anime
                                    [name] => Gag Humor
                                    [url] => https://myanimelist.net/anime/genre/57/Gag_Humor
                                )

                            [1] => Array
                                (
                                    [mal_id] => 13
                                    [type] => anime
                                    [name] => Historical
                                    [url] => https://myanimelist.net/anime/genre/13/Historical
                                )

                            [2] => Array
                                (
                                    [mal_id] => 20
                                    [type] => anime
                                    [name] => Parody
                                    [url] => https://myanimelist.net/anime/genre/20/Parody
                                )

                            [3] => Array
                                (
                                    [mal_id] => 21
                                    [type] => anime
                                    [name] => Samurai
                                    [url] => https://myanimelist.net/anime/genre/21/Samurai
                                )

                        )

                    [demographics] => Array
                        (
                            [0] => Array
                                (
                                    [mal_id] => 27
                                    [type] => anime
                                    [name] => Shounen
                                    [url] => https://myanimelist.net/anime/genre/27/Shounen
                                )

                        )

                )

            [20] => Array
                (
                    [mal_id] => 28851
                    [url] => https://myanimelist.net/anime/28851/Koe_no_Katachi
                    [images] => Array
                        (
                            [jpg] => Array
                                (
                                    [image_url] => https://cdn.myanimelist.net/images/anime/1122/96435.jpg
                                    [small_image_url] => https://cdn.myanimelist.net/images/anime/1122/96435t.jpg
                                    [large_image_url] => https://cdn.myanimelist.net/images/anime/1122/96435l.jpg
                                )

                            [webp] => Array
                                (
                                    [image_url] => https://cdn.myanimelist.net/images/anime/1122/96435.webp
                                    [small_image_url] => https://cdn.myanimelist.net/images/anime/1122/96435t.webp
                                    [large_image_url] => https://cdn.myanimelist.net/images/anime/1122/96435l.webp
                                )

                        )

                    [trailer] => Array
                        (
                            [youtube_id] => 
                            [url] => 
                            [embed_url] => https://www.youtube-nocookie.com/embed/XBNWo25izJ8?enablejsapi=1&wmode=opaque&autoplay=1
                            [images] => Array
                                (
                                    [image_url] => 
                                    [small_image_url] => 
                                    [medium_image_url] => 
                                    [large_image_url] => 
                                    [maximum_image_url] => 
                                )

                        )

                    [approved] => 1
                    [titles] => Array
                        (
                            [0] => Array
                                (
                                    [type] => Default
                                    [title] => Koe no Katachi
                                )

                            [1] => Array
                                (
                                    [type] => Synonym
                                    [title] => The Shape of Voice
                                )

                            [2] => Array
                                (
                                    [type] => Japanese
                                    [title] => 聲の形
                                )

                            [3] => Array
                                (
                                    [type] => English
                                    [title] => A Silent Voice
                                )

                            [4] => Array
                                (
                                    [type] => German
                                    [title] => A Silent Voice
                                )

                            [5] => Array
                                (
                                    [type] => Spanish
                                    [title] => Una Voz Silenciosa
                                )

                            [6] => Array
                                (
                                    [type] => French
                                    [title] => A Silent Voice
                                )

                        )

                    [title] => Koe no Katachi
                    [title_english] => A Silent Voice
                    [title_japanese] => 聲の形
                    [title_synonyms] => Array
                        (
                            [0] => The Shape of Voice
                        )

                    [type] => Movie
                    [source] => Manga
                    [episodes] => 1
                    [status] => Finished Airing
                    [airing] => 
                    [aired] => Array
                        (
                            [from] => 2016-09-17T00:00:00+00:00
                            [to] => 
                            [prop] => Array
                                (
                                    [from] => Array
                                        (
                                            [day] => 17
                                            [month] => 9
                                            [year] => 2016
                                        )

                                    [to] => Array
                                        (
                                            [day] => 
                                            [month] => 
                                            [year] => 
                                        )

                                )

                            [string] => Sep 17, 2016
                        )

                    [duration] => 2 hr 10 min
                    [rating] => PG-13 - Teens 13 or older
                    [score] => 8.93
                    [scored_by] => 1806997
                    [rank] => 21
                    [popularity] => 19
                    [members] => 2627317
                    [favorites] => 96497
                    [synopsis] => As a wild youth, elementary school student Shouya Ishida sought to beat boredom in the cruelest ways. When the deaf Shouko Nishimiya transfers into his class, Shouya and the rest of his class thoughtlessly bully her for fun. However, when her mother notifies the school, he is singled out and blamed for everything done to her. With Shouko transferring out of the school, Shouya is left at the mercy of his classmates. He is heartlessly ostracized all throughout elementary and middle school, while teachers turn a blind eye.

Now in his third year of high school, Shouya is still plagued by his wrongdoings as a young boy. Sincerely regretting his past actions, he sets out on a journey of redemption: to meet Shouko once more and make amends.

Koe no Katachi tells the heartwarming tale of Shouya's reunion with Shouko and his honest attempts to redeem himself, all while being continually haunted by the shadows of his past.
 
[Written by MAL Rewrite]
                    [background] => Koe no Katachi won the following awards: Japanese Movie Critics Awards for Best Animation Feature Film in 2016; Japanese Academy Award for Excellent Animation of the Year in 2016; Tokyo Anime Award Festival for Anime of the Year (movie) & Best Screenplay / Original Story (Reiko Yoshida) in 2017; Japan Media Arts Festival for Animation Division - Excellence Award in 2017; Japan Movie Critics Awards for Best Animation of the Year in 2017; and Camera Japan Festival for Feature Film in 2017.
                    [season] => 
                    [year] => 
                    [broadcast] => Array
                        (
                            [day] => 
                            [time] => 
                            [timezone] => 
                            [string] => 
                        )

                    [producers] => Array
                        (
                            [0] => Array
                                (
                                    [mal_id] => 109
                                    [type] => anime
                                    [name] => Shochiku
                                    [url] => https://myanimelist.net/anime/producer/109/Shochiku
                                )

                            [1] => Array
                                (
                                    [mal_id] => 144
                                    [type] => anime
                                    [name] => Pony Canyon
                                    [url] => https://myanimelist.net/anime/producer/144/Pony_Canyon
                                )

                            [2] => Array
                                (
                                    [mal_id] => 159
                                    [type] => anime
                                    [name] => Kodansha
                                    [url] => https://myanimelist.net/anime/producer/159/Kodansha
                                )

                            [3] => Array
                                (
                                    [mal_id] => 1500
                                    [type] => anime
                                    [name] => ABC Animation
                                    [url] => https://myanimelist.net/anime/producer/1500/ABC_Animation
                                )

                            [4] => Array
                                (
                                    [mal_id] => 1574
                                    [type] => anime
                                    [name] => Quaras
                                    [url] => https://myanimelist.net/anime/producer/1574/Quaras
                                )

                        )

                    [licensors] => Array
                        (
                            [0] => Array
                                (
                                    [mal_id] => 531
                                    [type] => anime
                                    [name] => Eleven Arts
                                    [url] => https://myanimelist.net/anime/producer/531/Eleven_Arts
                                )

                            [1] => Array
                                (
                                    [mal_id] => 595
                                    [type] => anime
                                    [name] => NYAV Post
                                    [url] => https://myanimelist.net/anime/producer/595/NYAV_Post
                                )

                            [2] => Array
                                (
                                    [mal_id] => 783
                                    [type] => anime
                                    [name] => GKIDS
                                    [url] => https://myanimelist.net/anime/producer/783/GKIDS
                                )

                        )

                    [studios] => Array
                        (
                            [0] => Array
                                (
                                    [mal_id] => 2
                                    [type] => anime
                                    [name] => Kyoto Animation
                                    [url] => https://myanimelist.net/anime/producer/2/Kyoto_Animation
                                )

                        )

                    [genres] => Array
                        (
                            [0] => Array
                                (
                                    [mal_id] => 46
                                    [type] => anime
                                    [name] => Award Winning
                                    [url] => https://myanimelist.net/anime/genre/46/Award_Winning
                                )

                            [1] => Array
                                (
                                    [mal_id] => 8
                                    [type] => anime
                                    [name] => Drama
                                    [url] => https://myanimelist.net/anime/genre/8/Drama
                                )

                        )

                    [explicit_genres] => Array
                        (
                        )

                    [themes] => Array
                        (
                        )

                    [demographics] => Array
                        (
                            [0] => Array
                                (
                                    [mal_id] => 27
                                    [type] => anime
                                    [name] => Shounen
                                    [url] => https://myanimelist.net/anime/genre/27/Shounen
                                )

                        )

                )

            [21] => Array
                (
                    [mal_id] => 2904
                    [url] => https://myanimelist.net/anime/2904/Code_Geass__Hangyaku_no_Lelouch_R2
                    [images] => Array
                        (
                            [jpg] => Array
                                (
                                    [image_url] => https://cdn.myanimelist.net/images/anime/1088/135089.jpg
                                    [small_image_url] => https://cdn.myanimelist.net/images/anime/1088/135089t.jpg
                                    [large_image_url] => https://cdn.myanimelist.net/images/anime/1088/135089l.jpg
                                )

                            [webp] => Array
                                (
                                    [image_url] => https://cdn.myanimelist.net/images/anime/1088/135089.webp
                                    [small_image_url] => https://cdn.myanimelist.net/images/anime/1088/135089t.webp
                                    [large_image_url] => https://cdn.myanimelist.net/images/anime/1088/135089l.webp
                                )

                        )

                    [trailer] => Array
                        (
                            [youtube_id] => 
                            [url] => 
                            [embed_url] => 
                            [images] => Array
                                (
                                    [image_url] => 
                                    [small_image_url] => 
                                    [medium_image_url] => 
                                    [large_image_url] => 
                                    [maximum_image_url] => 
                                )

                        )

                    [approved] => 1
                    [titles] => Array
                        (
                            [0] => Array
                                (
                                    [type] => Default
                                    [title] => Code Geass: Hangyaku no Lelouch R2
                                )

                            [1] => Array
                                (
                                    [type] => Synonym
                                    [title] => Code Geass: Hangyaku no Lelouch 2nd Season
                                )

                            [2] => Array
                                (
                                    [type] => Synonym
                                    [title] => Code Geass: Hangyaku no Lelouch Second Season
                                )

                            [3] => Array
                                (
                                    [type] => Japanese
                                    [title] => コードギアス 反逆のルルーシュ R2
                                )

                            [4] => Array
                                (
                                    [type] => English
                                    [title] => Code Geass: Lelouch of the Rebellion R2
                                )

                            [5] => Array
                                (
                                    [type] => German
                                    [title] => Code Geass: Lelouch of the Rebellion R2
                                )

                            [6] => Array
                                (
                                    [type] => Spanish
                                    [title] => Code Geass: Lelouch, el de la Rebelión R2
                                )

                            [7] => Array
                                (
                                    [type] => French
                                    [title] => Code Geass: Lelouch of the Rebellion R2
                                )

                        )

                    [title] => Code Geass: Hangyaku no Lelouch R2
                    [title_english] => Code Geass: Lelouch of the Rebellion R2
                    [title_japanese] => コードギアス 反逆のルルーシュ R2
                    [title_synonyms] => Array
                        (
                            [0] => Code Geass: Hangyaku no Lelouch 2nd Season
                            [1] => Code Geass: Hangyaku no Lelouch Second Season
                        )

                    [type] => TV
                    [source] => Original
                    [episodes] => 25
                    [status] => Finished Airing
                    [airing] => 
                    [aired] => Array
                        (
                            [from] => 2008-04-06T00:00:00+00:00
                            [to] => 2008-09-28T00:00:00+00:00
                            [prop] => Array
                                (
                                    [from] => Array
                                        (
                                            [day] => 6
                                            [month] => 4
                                            [year] => 2008
                                        )

                                    [to] => Array
                                        (
                                            [day] => 28
                                            [month] => 9
                                            [year] => 2008
                                        )

                                )

                            [string] => Apr 6, 2008 to Sep 28, 2008
                        )

                    [duration] => 24 min per ep
                    [rating] => R - 17+ (violence & profanity)
                    [score] => 8.92
                    [scored_by] => 1302796
                    [rank] => 22
                    [popularity] => 50
                    [members] => 1962290
                    [favorites] => 81545
                    [synopsis] => One year has passed since the Black Rebellion, a failed uprising against the Holy Britannian Empire led by the masked vigilante Zero, who is now missing. At a loss without their revolutionary leader, Area 11's resistance group—the Black Knights—find themselves too powerless to combat the brutality inflicted upon the Elevens by Britannia, which has increased significantly in order to crush any hope of a future revolt. 

Lelouch Lamperouge, having lost all memory of his double life, is living peacefully alongside his friends as a high school student at Ashford Academy. His former partner C.C., unable to accept this turn of events, takes it upon herself to remind him of his past purpose, hoping that the mastermind Zero will rise once again to finish what he started.

[Written by MAL Rewrite]
                    [background] => Code Geass: Hangyaku no Lelouch R2 is an original anime series by Sunrise animation studio with original character designs by the all-female Japanese manga artist group CLAMP. Manga and light novels based off the show have been published by Kadokawa Shoten. The show has sold millions of DVDs and Blu-ray volumes and is extremely popular in both Japan and North America. The show is known for its multi-genre appeal and for its diverse cast of characters who face many moral dilemmas over the course of the series. The series won: "The Best TV Animation" award at the thirteenth Animation Kobe event in 2008, and "The Most Popular Anime" award at the Animage 's 30th Annual Anime Grand Prix.
                    [season] => spring
                    [year] => 2008
                    [broadcast] => Array
                        (
                            [day] => Sundays
                            [time] => 17:00
                            [timezone] => Asia/Tokyo
                            [string] => Sundays at 17:00 (JST)
                        )

                    [producers] => Array
                        (
                            [0] => Array
                                (
                                    [mal_id] => 23
                                    [type] => anime
                                    [name] => Bandai Visual
                                    [url] => https://myanimelist.net/anime/producer/23/Bandai_Visual
                                )

                            [1] => Array
                                (
                                    [mal_id] => 143
                                    [type] => anime
                                    [name] => Mainichi Broadcasting System
                                    [url] => https://myanimelist.net/anime/producer/143/Mainichi_Broadcasting_System
                                )

                            [2] => Array
                                (
                                    [mal_id] => 230
                                    [type] => anime
                                    [name] => Bandai
                                    [url] => https://myanimelist.net/anime/producer/230/Bandai
                                )

                            [3] => Array
                                (
                                    [mal_id] => 1233
                                    [type] => anime
                                    [name] => Bandai Namco Entertainment
                                    [url] => https://myanimelist.net/anime/producer/1233/Bandai_Namco_Entertainment
                                )

                            [4] => Array
                                (
                                    [mal_id] => 1488
                                    [type] => anime
                                    [name] => Hakuhodo DY Media Partners
                                    [url] => https://myanimelist.net/anime/producer/1488/Hakuhodo_DY_Media_Partners
                                )

                        )

                    [licensors] => Array
                        (
                            [0] => Array
                                (
                                    [mal_id] => 102
                                    [type] => anime
                                    [name] => Funimation
                                    [url] => https://myanimelist.net/anime/producer/102/Funimation
                                )

                            [1] => Array
                                (
                                    [mal_id] => 233
                                    [type] => anime
                                    [name] => Bandai Entertainment
                                    [url] => https://myanimelist.net/anime/producer/233/Bandai_Entertainment
                                )

                        )

                    [studios] => Array
                        (
                            [0] => Array
                                (
                                    [mal_id] => 14
                                    [type] => anime
                                    [name] => Sunrise
                                    [url] => https://myanimelist.net/anime/producer/14/Sunrise
                                )

                        )

                    [genres] => Array
                        (
                            [0] => Array
                                (
                                    [mal_id] => 46
                                    [type] => anime
                                    [name] => Award Winning
                                    [url] => https://myanimelist.net/anime/genre/46/Award_Winning
                                )

                            [1] => Array
                                (
                                    [mal_id] => 8
                                    [type] => anime
                                    [name] => Drama
                                    [url] => https://myanimelist.net/anime/genre/8/Drama
                                )

                            [2] => Array
                                (
                                    [mal_id] => 24
                                    [type] => anime
                                    [name] => Sci-Fi
                                    [url] => https://myanimelist.net/anime/genre/24/Sci-Fi
                                )

                        )

                    [explicit_genres] => Array
                        (
                        )

                    [themes] => Array
                        (
                            [0] => Array
                                (
                                    [mal_id] => 18
                                    [type] => anime
                                    [name] => Mecha
                                    [url] => https://myanimelist.net/anime/genre/18/Mecha
                                )

                            [1] => Array
                                (
                                    [mal_id] => 38
                                    [type] => anime
                                    [name] => Military
                                    [url] => https://myanimelist.net/anime/genre/38/Military
                                )

                            [2] => Array
                                (
                                    [mal_id] => 31
                                    [type] => anime
                                    [name] => Super Power
                                    [url] => https://myanimelist.net/anime/genre/31/Super_Power
                                )

                        )

                    [demographics] => Array
                        (
                        )

                )

            [22] => Array
                (
                    [mal_id] => 58514
                    [url] => https://myanimelist.net/anime/58514/Kusuriya_no_Hitorigoto_2nd_Season
                    [images] => Array
                        (
                            [jpg] => Array
                                (
                                    [image_url] => https://cdn.myanimelist.net/images/anime/1025/147458.jpg
                                    [small_image_url] => https://cdn.myanimelist.net/images/anime/1025/147458t.jpg
                                    [large_image_url] => https://cdn.myanimelist.net/images/anime/1025/147458l.jpg
                                )

                            [webp] => Array
                                (
                                    [image_url] => https://cdn.myanimelist.net/images/anime/1025/147458.webp
                                    [small_image_url] => https://cdn.myanimelist.net/images/anime/1025/147458t.webp
                                    [large_image_url] => https://cdn.myanimelist.net/images/anime/1025/147458l.webp
                                )

                        )

                    [trailer] => Array
                        (
                            [youtube_id] => 
                            [url] => 
                            [embed_url] => https://www.youtube-nocookie.com/embed/3BYutu3Pf_0?enablejsapi=1&wmode=opaque&autoplay=1
                            [images] => Array
                                (
                                    [image_url] => 
                                    [small_image_url] => 
                                    [medium_image_url] => 
                                    [large_image_url] => 
                                    [maximum_image_url] => 
                                )

                        )

                    [approved] => 1
                    [titles] => Array
                        (
                            [0] => Array
                                (
                                    [type] => Default
                                    [title] => Kusuriya no Hitorigoto 2nd Season
                                )

                            [1] => Array
                                (
                                    [type] => Synonym
                                    [title] => The Pharmacist's Monologue
                                )

                            [2] => Array
                                (
                                    [type] => Synonym
                                    [title] => Drugstore Soliloquy
                                )

                            [3] => Array
                                (
                                    [type] => Japanese
                                    [title] => 薬屋のひとりごと 第2期
                                )

                            [4] => Array
                                (
                                    [type] => English
                                    [title] => The Apothecary Diaries Season 2
                                )

                        )

                    [title] => Kusuriya no Hitorigoto 2nd Season
                    [title_english] => The Apothecary Diaries Season 2
                    [title_japanese] => 薬屋のひとりごと 第2期
                    [title_synonyms] => Array
                        (
                            [0] => The Pharmacist's Monologue
                            [1] => Drugstore Soliloquy
                        )

                    [type] => TV
                    [source] => Light novel
                    [episodes] => 24
                    [status] => Finished Airing
                    [airing] => 
                    [aired] => Array
                        (
                            [from] => 2025-01-10T00:00:00+00:00
                            [to] => 2025-07-04T00:00:00+00:00
                            [prop] => Array
                                (
                                    [from] => Array
                                        (
                                            [day] => 10
                                            [month] => 1
                                            [year] => 2025
                                        )

                                    [to] => Array
                                        (
                                            [day] => 4
                                            [month] => 7
                                            [year] => 2025
                                        )

                                )

                            [string] => Jan 10, 2025 to Jul 4, 2025
                        )

                    [duration] => 24 min per ep
                    [rating] => PG-13 - Teens 13 or older
                    [score] => 8.91
                    [scored_by] => 269221
                    [rank] => 23
                    [popularity] => 502
                    [members] => 514855
                    [favorites] => 7986
                    [synopsis] => Using her wit and vast knowledge of medicines and poisons alike, Maomao played a pivotal role in solving a series of mysteries and conspiracies that plagued the imperial court. Having recently come to terms with the secrets of her parents, she returns to fulfill her normal duties on behalf of the emperor's highest-ranking consorts. Maomao also works alongside the eunuch Jinshi to better the consorts' many ladies-in-waiting, including helping them learn to read.

However, with the arrival of a merchant caravan comes a new wave of intrigue. A pattern of strange coincidences involving the visitors and their wares unsettles Maomao, driving her to investigate the puzzling circumstances behind the convoy. As dangers from both outside and within threaten the balance between the imperial concubines, Maomao continues to utilize her cunning and medical expertise to keep the women safe from harm.

[Written by MAL Rewrite]
                    [background] => Kusuriya no Hitorigoto 2nd Season aired on Nippon TV's Friday Anime Night block. It was released on Blu-ray in four volumes by Toho from April 16, 2025, to October 15, 2025. The series adapts the third and fourth volume of the light novel.
                    [season] => winter
                    [year] => 2025
                    [broadcast] => Array
                        (
                            [day] => Fridays
                            [time] => 23:00
                            [timezone] => Asia/Tokyo
                            [string] => Fridays at 23:00 (JST)
                        )

                    [producers] => Array
                        (
                            [0] => Array
                                (
                                    [mal_id] => 53
                                    [type] => anime
                                    [name] => Dentsu
                                    [url] => https://myanimelist.net/anime/producer/53/Dentsu
                                )

                            [1] => Array
                                (
                                    [mal_id] => 58
                                    [type] => anime
                                    [name] => Square Enix
                                    [url] => https://myanimelist.net/anime/producer/58/Square_Enix
                                )

                            [2] => Array
                                (
                                    [mal_id] => 1003
                                    [type] => anime
                                    [name] => Nippon Television Network
                                    [url] => https://myanimelist.net/anime/producer/1003/Nippon_Television_Network
                                )

                            [3] => Array
                                (
                                    [mal_id] => 1143
                                    [type] => anime
                                    [name] => TOHO animation
                                    [url] => https://myanimelist.net/anime/producer/1143/TOHO_animation
                                )

                            [4] => Array
                                (
                                    [mal_id] => 1294
                                    [type] => anime
                                    [name] => Sound Team Don Juan
                                    [url] => https://myanimelist.net/anime/producer/1294/Sound_Team_Don_Juan
                                )

                            [5] => Array
                                (
                                    [mal_id] => 1430
                                    [type] => anime
                                    [name] => Shogakukan
                                    [url] => https://myanimelist.net/anime/producer/1430/Shogakukan
                                )

                            [6] => Array
                                (
                                    [mal_id] => 2844
                                    [type] => anime
                                    [name] => Imagica Infos
                                    [url] => https://myanimelist.net/anime/producer/2844/Imagica_Infos
                                )

                        )

                    [licensors] => Array
                        (
                        )

                    [studios] => Array
                        (
                            [0] => Array
                                (
                                    [mal_id] => 28
                                    [type] => anime
                                    [name] => OLM
                                    [url] => https://myanimelist.net/anime/producer/28/OLM
                                )

                            [1] => Array
                                (
                                    [mal_id] => 2705
                                    [type] => anime
                                    [name] => TOHO animation STUDIO
                                    [url] => https://myanimelist.net/anime/producer/2705/TOHO_animation_STUDIO
                                )

                        )

                    [genres] => Array
                        (
                            [0] => Array
                                (
                                    [mal_id] => 8
                                    [type] => anime
                                    [name] => Drama
                                    [url] => https://myanimelist.net/anime/genre/8/Drama
                                )

                            [1] => Array
                                (
                                    [mal_id] => 7
                                    [type] => anime
                                    [name] => Mystery
                                    [url] => https://myanimelist.net/anime/genre/7/Mystery
                                )

                        )

                    [explicit_genres] => Array
                        (
                        )

                    [themes] => Array
                        (
                            [0] => Array
                                (
                                    [mal_id] => 13
                                    [type] => anime
                                    [name] => Historical
                                    [url] => https://myanimelist.net/anime/genre/13/Historical
                                )

                            [1] => Array
                                (
                                    [mal_id] => 67
                                    [type] => anime
                                    [name] => Medical
                                    [url] => https://myanimelist.net/anime/genre/67/Medical
                                )

                        )

                    [demographics] => Array
                        (
                        )

                )

            [23] => Array
                (
                    [mal_id] => 35180
                    [url] => https://myanimelist.net/anime/35180/3-gatsu_no_Lion_2nd_Season
                    [images] => Array
                        (
                            [jpg] => Array
                                (
                                    [image_url] => https://cdn.myanimelist.net/images/anime/3/88469.jpg
                                    [small_image_url] => https://cdn.myanimelist.net/images/anime/3/88469t.jpg
                                    [large_image_url] => https://cdn.myanimelist.net/images/anime/3/88469l.jpg
                                )

                            [webp] => Array
                                (
                                    [image_url] => https://cdn.myanimelist.net/images/anime/3/88469.webp
                                    [small_image_url] => https://cdn.myanimelist.net/images/anime/3/88469t.webp
                                    [large_image_url] => https://cdn.myanimelist.net/images/anime/3/88469l.webp
                                )

                        )

                    [trailer] => Array
                        (
                            [youtube_id] => 
                            [url] => 
                            [embed_url] => https://www.youtube-nocookie.com/embed/OfSaJb5OOPA?enablejsapi=1&wmode=opaque&autoplay=1
                            [images] => Array
                                (
                                    [image_url] => 
                                    [small_image_url] => 
                                    [medium_image_url] => 
                                    [large_image_url] => 
                                    [maximum_image_url] => 
                                )

                        )

                    [approved] => 1
                    [titles] => Array
                        (
                            [0] => Array
                                (
                                    [type] => Default
                                    [title] => 3-gatsu no Lion 2nd Season
                                )

                            [1] => Array
                                (
                                    [type] => Synonym
                                    [title] => Sangatsu no Lion Second Season
                                )

                            [2] => Array
                                (
                                    [type] => Japanese
                                    [title] => 3月のライオン 第2シリーズ
                                )

                            [3] => Array
                                (
                                    [type] => English
                                    [title] => March Comes In Like a Lion 2nd Season
                                )

                            [4] => Array
                                (
                                    [type] => German
                                    [title] => March Come in Like a Lion Staffel 2
                                )

                            [5] => Array
                                (
                                    [type] => Spanish
                                    [title] => March Comes in like a Lion Temporada 2
                                )

                            [6] => Array
                                (
                                    [type] => French
                                    [title] => March Comes in like a Lion Saison 2
                                )

                        )

                    [title] => 3-gatsu no Lion 2nd Season
                    [title_english] => March Comes In Like a Lion 2nd Season
                    [title_japanese] => 3月のライオン 第2シリーズ
                    [title_synonyms] => Array
                        (
                            [0] => Sangatsu no Lion Second Season
                        )

                    [type] => TV
                    [source] => Manga
                    [episodes] => 22
                    [status] => Finished Airing
                    [airing] => 
                    [aired] => Array
                        (
                            [from] => 2017-10-14T00:00:00+00:00
                            [to] => 2018-03-31T00:00:00+00:00
                            [prop] => Array
                                (
                                    [from] => Array
                                        (
                                            [day] => 14
                                            [month] => 10
                                            [year] => 2017
                                        )

                                    [to] => Array
                                        (
                                            [day] => 31
                                            [month] => 3
                                            [year] => 2018
                                        )

                                )

                            [string] => Oct 14, 2017 to Mar 31, 2018
                        )

                    [duration] => 25 min per ep
                    [rating] => PG-13 - Teens 13 or older
                    [score] => 8.9
                    [scored_by] => 215884
                    [rank] => 24
                    [popularity] => 612
                    [members] => 439989
                    [favorites] => 15448
                    [synopsis] => Now in his second year of high school, Rei Kiriyama continues pushing through his struggles in the professional shogi world as well as his personal life. Surrounded by vibrant personalities at the shogi hall, the school club, and in the local community, his solitary shell slowly begins to crack. Among them are the three Kawamoto sisters—Akari, Hinata, and Momo—who forge an affectionate and familial bond with Rei. Through these ties, he realizes that everyone is burdened by their own emotional hardships and begins learning how to rely on others while supporting them in return. 

Nonetheless, the life of a professional is not easy. Between tournaments, championships, and title matches, the pressure mounts as Rei advances through the ranks and encounters incredibly skilled opponents. As he manages his relationships with those who have grown close to him, the shogi player continues to search for the reason he plays the game that defines his career.

[Written by MAL Rewrite]
                    [background] => 
                    [season] => fall
                    [year] => 2017
                    [broadcast] => Array
                        (
                            [day] => Saturdays
                            [time] => 23:00
                            [timezone] => Asia/Tokyo
                            [string] => Saturdays at 23:00 (JST)
                        )

                    [producers] => Array
                        (
                            [0] => Array
                                (
                                    [mal_id] => 17
                                    [type] => anime
                                    [name] => Aniplex
                                    [url] => https://myanimelist.net/anime/producer/17/Aniplex
                                )

                            [1] => Array
                                (
                                    [mal_id] => 53
                                    [type] => anime
                                    [name] => Dentsu
                                    [url] => https://myanimelist.net/anime/producer/53/Dentsu
                                )

                            [2] => Array
                                (
                                    [mal_id] => 111
                                    [type] => anime
                                    [name] => NHK
                                    [url] => https://myanimelist.net/anime/producer/111/NHK
                                )

                            [3] => Array
                                (
                                    [mal_id] => 148
                                    [type] => anime
                                    [name] => Hakusensha
                                    [url] => https://myanimelist.net/anime/producer/148/Hakusensha
                                )

                            [4] => Array
                                (
                                    [mal_id] => 517
                                    [type] => anime
                                    [name] => Asmik Ace
                                    [url] => https://myanimelist.net/anime/producer/517/Asmik_Ace
                                )

                            [5] => Array
                                (
                                    [mal_id] => 1390
                                    [type] => anime
                                    [name] => Toy's Factory
                                    [url] => https://myanimelist.net/anime/producer/1390/Toys_Factory
                                )

                            [6] => Array
                                (
                                    [mal_id] => 1797
                                    [type] => anime
                                    [name] => NHK Enterprises
                                    [url] => https://myanimelist.net/anime/producer/1797/NHK_Enterprises
                                )

                        )

                    [licensors] => Array
                        (
                            [0] => Array
                                (
                                    [mal_id] => 493
                                    [type] => anime
                                    [name] => Aniplex of America
                                    [url] => https://myanimelist.net/anime/producer/493/Aniplex_of_America
                                )

                        )

                    [studios] => Array
                        (
                            [0] => Array
                                (
                                    [mal_id] => 44
                                    [type] => anime
                                    [name] => Shaft
                                    [url] => https://myanimelist.net/anime/producer/44/Shaft
                                )

                        )

                    [genres] => Array
                        (
                            [0] => Array
                                (
                                    [mal_id] => 8
                                    [type] => anime
                                    [name] => Drama
                                    [url] => https://myanimelist.net/anime/genre/8/Drama
                                )

                        )

                    [explicit_genres] => Array
                        (
                        )

                    [themes] => Array
                        (
                            [0] => Array
                                (
                                    [mal_id] => 11
                                    [type] => anime
                                    [name] => Strategy Game
                                    [url] => https://myanimelist.net/anime/genre/11/Strategy_Game
                                )

                        )

                    [demographics] => Array
                        (
                            [0] => Array
                                (
                                    [mal_id] => 42
                                    [type] => anime
                                    [name] => Seinen
                                    [url] => https://myanimelist.net/anime/genre/42/Seinen
                                )

                        )

                )

            [24] => Array
                (
                    [mal_id] => 15335
                    [url] => https://myanimelist.net/anime/15335/Gintama_Movie_2__Kanketsu-hen_-_Yorozuya_yo_Eien_Nare
                    [images] => Array
                        (
                            [jpg] => Array
                                (
                                    [image_url] => https://cdn.myanimelist.net/images/anime/10/51723.jpg
                                    [small_image_url] => https://cdn.myanimelist.net/images/anime/10/51723t.jpg
                                    [large_image_url] => https://cdn.myanimelist.net/images/anime/10/51723l.jpg
                                )

                            [webp] => Array
                                (
                                    [image_url] => https://cdn.myanimelist.net/images/anime/10/51723.webp
                                    [small_image_url] => https://cdn.myanimelist.net/images/anime/10/51723t.webp
                                    [large_image_url] => https://cdn.myanimelist.net/images/anime/10/51723l.webp
                                )

                        )

                    [trailer] => Array
                        (
                            [youtube_id] => 
                            [url] => 
                            [embed_url] => https://www.youtube-nocookie.com/embed/UhJM5rVqaF8?enablejsapi=1&wmode=opaque&autoplay=1
                            [images] => Array
                                (
                                    [image_url] => 
                                    [small_image_url] => 
                                    [medium_image_url] => 
                                    [large_image_url] => 
                                    [maximum_image_url] => 
                                )

                        )

                    [approved] => 1
                    [titles] => Array
                        (
                            [0] => Array
                                (
                                    [type] => Default
                                    [title] => Gintama Movie 2: Kanketsu-hen - Yorozuya yo Eien Nare
                                )

                            [1] => Array
                                (
                                    [type] => Synonym
                                    [title] => Gintama: The Final Chapter - Be Forever Yorozuya
                                )

                            [2] => Array
                                (
                                    [type] => Synonym
                                    [title] => Gintama Movie 2
                                )

                            [3] => Array
                                (
                                    [type] => Japanese
                                    [title] => 劇場版 銀魂 完結篇 万事屋よ永遠なれ
                                )

                            [4] => Array
                                (
                                    [type] => English
                                    [title] => Gintama: The Movie: The Final Chapter: Be Forever Yorozuya
                                )

                            [5] => Array
                                (
                                    [type] => German
                                    [title] => Gintama the Movie 2
                                )

                        )

                    [title] => Gintama Movie 2: Kanketsu-hen - Yorozuya yo Eien Nare
                    [title_english] => Gintama: The Movie: The Final Chapter: Be Forever Yorozuya
                    [title_japanese] => 劇場版 銀魂 完結篇 万事屋よ永遠なれ
                    [title_synonyms] => Array
                        (
                            [0] => Gintama: The Final Chapter - Be Forever Yorozuya
                            [1] => Gintama Movie 2
                        )

                    [type] => Movie
                    [source] => Manga
                    [episodes] => 1
                    [status] => Finished Airing
                    [airing] => 
                    [aired] => Array
                        (
                            [from] => 2013-07-06T00:00:00+00:00
                            [to] => 
                            [prop] => Array
                                (
                                    [from] => Array
                                        (
                                            [day] => 6
                                            [month] => 7
                                            [year] => 2013
                                        )

                                    [to] => Array
                                        (
                                            [day] => 
                                            [month] => 
                                            [year] => 
                                        )

                                )

                            [string] => Jul 6, 2013
                        )

                    [duration] => 1 hr 50 min
                    [rating] => PG-13 - Teens 13 or older
                    [score] => 8.89
                    [scored_by] => 145033
                    [rank] => 25
                    [popularity] => 1078
                    [members] => 263198
                    [favorites] => 2161
                    [synopsis] => When Gintoki apprehends a movie pirate at a premiere, he checks the camera's footage and finds himself transported to a bleak, post-apocalyptic version of Edo, where a mysterious epidemic called the "White Plague" has ravished the world's population. It turns out that the movie pirate wasn't a pirate after all—it was an android time machine, and Gintoki has been hurtled five years into the future! Shinpachi and Kagura, his Yorozuya cohorts, have had a falling out and are now battle-hardened solo vigilantes and he himself has been missing for years, disappearing without a trace after scribbling a strange message in his journal.

Setting out in the disguise given to him by the android time machine, Gintoki haphazardly reunites the Yorozuya team to investigate the White Plague, and soon discovers that the key to saving the future lies in the darkness of his own past. Determined to confront a powerful foe, he makes an important discovery—with a ragtag band of friends and allies at his side, he doesn't have to fight alone.

[Written by MAL Rewrite]
                    [background] => 
                    [season] => 
                    [year] => 
                    [broadcast] => Array
                        (
                            [day] => 
                            [time] => 
                            [timezone] => 
                            [string] => 
                        )

                    [producers] => Array
                        (
                            [0] => Array
                                (
                                    [mal_id] => 16
                                    [type] => anime
                                    [name] => TV Tokyo
                                    [url] => https://myanimelist.net/anime/producer/16/TV_Tokyo
                                )

                            [1] => Array
                                (
                                    [mal_id] => 17
                                    [type] => anime
                                    [name] => Aniplex
                                    [url] => https://myanimelist.net/anime/producer/17/Aniplex
                                )

                            [2] => Array
                                (
                                    [mal_id] => 53
                                    [type] => anime
                                    [name] => Dentsu
                                    [url] => https://myanimelist.net/anime/producer/53/Dentsu
                                )

                            [3] => Array
                                (
                                    [mal_id] => 230
                                    [type] => anime
                                    [name] => Bandai
                                    [url] => https://myanimelist.net/anime/producer/230/Bandai
                                )

                            [4] => Array
                                (
                                    [mal_id] => 415
                                    [type] => anime
                                    [name] => Warner Bros. Japan
                                    [url] => https://myanimelist.net/anime/producer/415/Warner_Bros_Japan
                                )

                            [5] => Array
                                (
                                    [mal_id] => 1365
                                    [type] => anime
                                    [name] => Shueisha
                                    [url] => https://myanimelist.net/anime/producer/1365/Shueisha
                                )

                        )

                    [licensors] => Array
                        (
                        )

                    [studios] => Array
                        (
                            [0] => Array
                                (
                                    [mal_id] => 14
                                    [type] => anime
                                    [name] => Sunrise
                                    [url] => https://myanimelist.net/anime/producer/14/Sunrise
                                )

                        )

                    [genres] => Array
                        (
                            [0] => Array
                                (
                                    [mal_id] => 1
                                    [type] => anime
                                    [name] => Action
                                    [url] => https://myanimelist.net/anime/genre/1/Action
                                )

                            [1] => Array
                                (
                                    [mal_id] => 4
                                    [type] => anime
                                    [name] => Comedy
                                    [url] => https://myanimelist.net/anime/genre/4/Comedy
                                )

                            [2] => Array
                                (
                                    [mal_id] => 24
                                    [type] => anime
                                    [name] => Sci-Fi
                                    [url] => https://myanimelist.net/anime/genre/24/Sci-Fi
                                )

                        )

                    [explicit_genres] => Array
                        (
                        )

                    [themes] => Array
                        (
                            [0] => Array
                                (
                                    [mal_id] => 57
                                    [type] => anime
                                    [name] => Gag Humor
                                    [url] => https://myanimelist.net/anime/genre/57/Gag_Humor
                                )

                            [1] => Array
                                (
                                    [mal_id] => 13
                                    [type] => anime
                                    [name] => Historical
                                    [url] => https://myanimelist.net/anime/genre/13/Historical
                                )

                            [2] => Array
                                (
                                    [mal_id] => 20
                                    [type] => anime
                                    [name] => Parody
                                    [url] => https://myanimelist.net/anime/genre/20/Parody
                                )

                            [3] => Array
                                (
                                    [mal_id] => 21
                                    [type] => anime
                                    [name] => Samurai
                                    [url] => https://myanimelist.net/anime/genre/21/Samurai
                                )

                            [4] => Array
                                (
                                    [mal_id] => 78
                                    [type] => anime
                                    [name] => Time Travel
                                    [url] => https://myanimelist.net/anime/genre/78/Time_Travel
                                )

                        )

                    [demographics] => Array
                        (
                            [0] => Array
                                (
                                    [mal_id] => 27
                                    [type] => anime
                                    [name] => Shounen
                                    [url] => https://myanimelist.net/anime/genre/27/Shounen
                                )

                        )

                )

        )

)
